Archive member included to satisfy reference by file (symbol)

c:/program files (x86)/atollic/truestudio for stm32 9.3.0/armtools/bin/../lib/gcc/arm-atollic-eabi/6.3.1/../../../../arm-atollic-eabi/lib/armv7e-m/fpu\libc_nano.a(lib_a-init.o)
                              startup\startup_stm32f407xx.o (__libc_init_array)
c:/program files (x86)/atollic/truestudio for stm32 9.3.0/armtools/bin/../lib/gcc/arm-atollic-eabi/6.3.1/../../../../arm-atollic-eabi/lib/armv7e-m/fpu\libc_nano.a(lib_a-malloc.o)
                              Middlewares\ST\STM32_USB_Host_Library\Class\CDC\Src\usbh_cdc.o (malloc)
c:/program files (x86)/atollic/truestudio for stm32 9.3.0/armtools/bin/../lib/gcc/arm-atollic-eabi/6.3.1/../../../../arm-atollic-eabi/lib/armv7e-m/fpu\libc_nano.a(lib_a-memcmp.o)
                              Middlewares\Third_Party\LwIP\src\netif\ethernet.o (memcmp)
c:/program files (x86)/atollic/truestudio for stm32 9.3.0/armtools/bin/../lib/gcc/arm-atollic-eabi/6.3.1/../../../../arm-atollic-eabi/lib/armv7e-m/fpu\libc_nano.a(lib_a-memcpy-stub.o)
                              Middlewares\Third_Party\LwIP\src\apps\httpd\httpd.o (memcpy)
c:/program files (x86)/atollic/truestudio for stm32 9.3.0/armtools/bin/../lib/gcc/arm-atollic-eabi/6.3.1/../../../../arm-atollic-eabi/lib/armv7e-m/fpu\libc_nano.a(lib_a-memset.o)
                              Middlewares\Third_Party\LwIP\src\apps\httpd\httpd.o (memset)
c:/program files (x86)/atollic/truestudio for stm32 9.3.0/armtools/bin/../lib/gcc/arm-atollic-eabi/6.3.1/../../../../arm-atollic-eabi/lib/armv7e-m/fpu\libc_nano.a(lib_a-nano-freer.o)
                              c:/program files (x86)/atollic/truestudio for stm32 9.3.0/armtools/bin/../lib/gcc/arm-atollic-eabi/6.3.1/../../../../arm-atollic-eabi/lib/armv7e-m/fpu\libc_nano.a(lib_a-malloc.o) (_free_r)
c:/program files (x86)/atollic/truestudio for stm32 9.3.0/armtools/bin/../lib/gcc/arm-atollic-eabi/6.3.1/../../../../arm-atollic-eabi/lib/armv7e-m/fpu\libc_nano.a(lib_a-nano-mallocr.o)
                              c:/program files (x86)/atollic/truestudio for stm32 9.3.0/armtools/bin/../lib/gcc/arm-atollic-eabi/6.3.1/../../../../arm-atollic-eabi/lib/armv7e-m/fpu\libc_nano.a(lib_a-malloc.o) (_malloc_r)
c:/program files (x86)/atollic/truestudio for stm32 9.3.0/armtools/bin/../lib/gcc/arm-atollic-eabi/6.3.1/../../../../arm-atollic-eabi/lib/armv7e-m/fpu\libc_nano.a(lib_a-printf.o)
                              Middlewares\Third_Party\LwIP\src\apps\httpd\httpd.o (printf)
c:/program files (x86)/atollic/truestudio for stm32 9.3.0/armtools/bin/../lib/gcc/arm-atollic-eabi/6.3.1/../../../../arm-atollic-eabi/lib/armv7e-m/fpu\libc_nano.a(lib_a-reent.o)
                              Src\syscalls.o (errno)
c:/program files (x86)/atollic/truestudio for stm32 9.3.0/armtools/bin/../lib/gcc/arm-atollic-eabi/6.3.1/../../../../arm-atollic-eabi/lib/armv7e-m/fpu\libc_nano.a(lib_a-sbrkr.o)
                              c:/program files (x86)/atollic/truestudio for stm32 9.3.0/armtools/bin/../lib/gcc/arm-atollic-eabi/6.3.1/../../../../arm-atollic-eabi/lib/armv7e-m/fpu\libc_nano.a(lib_a-nano-mallocr.o) (_sbrk_r)
c:/program files (x86)/atollic/truestudio for stm32 9.3.0/armtools/bin/../lib/gcc/arm-atollic-eabi/6.3.1/../../../../arm-atollic-eabi/lib/armv7e-m/fpu\libc_nano.a(lib_a-strcat.o)
                              Middlewares\Third_Party\LwIP\src\apps\httpd\fs.o (strcat)
c:/program files (x86)/atollic/truestudio for stm32 9.3.0/armtools/bin/../lib/gcc/arm-atollic-eabi/6.3.1/../../../../arm-atollic-eabi/lib/armv7e-m/fpu\libc_nano.a(lib_a-strchr.o)
                              Middlewares\Third_Party\LwIP\src\apps\httpd\httpd.o (strchr)
c:/program files (x86)/atollic/truestudio for stm32 9.3.0/armtools/bin/../lib/gcc/arm-atollic-eabi/6.3.1/../../../../arm-atollic-eabi/lib/armv7e-m/fpu\libc_nano.a(lib_a-strcmp.o)
                              Middlewares\Third_Party\LwIP\src\apps\httpd\fs.o (strcmp)
c:/program files (x86)/atollic/truestudio for stm32 9.3.0/armtools/bin/../lib/gcc/arm-atollic-eabi/6.3.1/../../../../arm-atollic-eabi/lib/armv7e-m/fpu\libc_nano.a(lib_a-strcpy.o)
                              Middlewares\Third_Party\LwIP\src\apps\httpd\fs.o (strcpy)
c:/program files (x86)/atollic/truestudio for stm32 9.3.0/armtools/bin/../lib/gcc/arm-atollic-eabi/6.3.1/../../../../arm-atollic-eabi/lib/armv7e-m/fpu\libc_nano.a(lib_a-strlen.o)
                              Middlewares\Third_Party\LwIP\src\apps\httpd\fs.o (strlen)
c:/program files (x86)/atollic/truestudio for stm32 9.3.0/armtools/bin/../lib/gcc/arm-atollic-eabi/6.3.1/../../../../arm-atollic-eabi/lib/armv7e-m/fpu\libc_nano.a(lib_a-strncmp.o)
                              Middlewares\Third_Party\LwIP\src\apps\httpd\httpd.o (strncmp)
c:/program files (x86)/atollic/truestudio for stm32 9.3.0/armtools/bin/../lib/gcc/arm-atollic-eabi/6.3.1/../../../../arm-atollic-eabi/lib/armv7e-m/fpu\libc_nano.a(lib_a-strstr.o)
[...]
Memory Configuration

Name             Origin             Length             Attributes
RAM              0x20000000         0x00020000         xrw
CCMRAM           0x10000000         0x00010000         rw
FLASH            0x08000000         0x00100000         xr
*default*        0x00000000         0xffffffff

Linker script and memory map

LOAD c:/program files (x86)/atollic/truestudio for stm32 9.3.0/armtools/bin/../lib/gcc/arm-atollic-eabi/6.3.1/armv7e-m/fpu/crti.o
LOAD c:/program files (x86)/atollic/truestudio for stm32 9.3.0/armtools/bin/../lib/gcc/arm-atollic-eabi/6.3.1/armv7e-m/fpu/crtbegin.o
LOAD Drivers\STM32F4xx_HAL_Driver\Src\stm32f4xx_hal.o
LOAD Drivers\STM32F4xx_HAL_Driver\Src\stm32f4xx_hal_cortex.o
LOAD Drivers\STM32F4xx_HAL_Driver\Src\stm32f4xx_hal_dma.o
LOAD Drivers\STM32F4xx_HAL_Driver\Src\stm32f4xx_hal_dma_ex.o
LOAD Drivers\STM32F4xx_HAL_Driver\Src\stm32f4xx_hal_eth.o
LOAD Drivers\STM32F4xx_HAL_Driver\Src\stm32f4xx_hal_exti.o
LOAD Drivers\STM32F4xx_HAL_Driver\Src\stm32f4xx_hal_flash.o
LOAD Drivers\STM32F4xx_HAL_Driver\Src\stm32f4xx_hal_flash_ex.o
LOAD Drivers\STM32F4xx_HAL_Driver\Src\stm32f4xx_hal_flash_ramfunc.o
LOAD Drivers\STM32F4xx_HAL_Driver\Src\stm32f4xx_hal_gpio.o
LOAD Drivers\STM32F4xx_HAL_Driver\Src\stm32f4xx_hal_hcd.o
LOAD Drivers\STM32F4xx_HAL_Driver\Src\stm32f4xx_hal_i2c.o
LOAD Drivers\STM32F4xx_HAL_Driver\Src\stm32f4xx_hal_i2c_ex.o
LOAD Drivers\STM32F4xx_HAL_Driver\Src\stm32f4xx_hal_pwr.o
LOAD Drivers\STM32F4xx_HAL_Driver\Src\stm32f4xx_hal_pwr_ex.o
LOAD Drivers\STM32F4xx_HAL_Driver\Src\stm32f4xx_hal_rcc.o
LOAD Drivers\STM32F4xx_HAL_Driver\Src\stm32f4xx_hal_rcc_ex.o
LOAD Drivers\STM32F4xx_HAL_Driver\Src\stm32f4xx_hal_tim.o
LOAD Drivers\STM32F4xx_HAL_Driver\Src\stm32f4xx_hal_tim_ex.o
LOAD Drivers\STM32F4xx_HAL_Driver\Src\stm32f4xx_hal_uart.o
LOAD Drivers\STM32F4xx_HAL_Driver\Src\stm32f4xx_ll_usb.o
LOAD Middlewares\ST\STM32_USB_Host_Library\Class\CDC\Src\usbh_cdc.o
LOAD Middlewares\ST\STM32_USB_Host_Library\Core\Src\usbh_core.o
LOAD Middlewares\ST\STM32_USB_Host_Library\Core\Src\usbh_ctlreq.o
LOAD Middlewares\ST\STM32_USB_Host_Library\Core\Src\usbh_ioreq.o
LOAD Middlewares\ST\STM32_USB_Host_Library\Core\Src\usbh_pipes.o
LOAD Middlewares\Third_Party\LwIP\src\api\api_lib.o
LOAD Middlewares\Third_Party\LwIP\src\api\api_msg.o
LOAD Middlewares\Third_Party\LwIP\src\api\err.o
LOAD Middlewares\Third_Party\LwIP\src\api\netbuf.o
LOAD Middlewares\Third_Party\LwIP\src\api\netdb.o
LOAD Middlewares\Third_Party\LwIP\src\api\netifapi.o
LOAD Middlewares\Third_Party\LwIP\src\api\sockets.o
LOAD Middlewares\Third_Party\LwIP\src\api\tcpip.o
LOAD Middlewares\Third_Party\LwIP\src\apps\httpd\fs.o
LOAD Middlewares\Third_Party\LwIP\src\apps\httpd\httpd.o
LOAD Middlewares\Third_Party\LwIP\src\apps\mqtt\mqtt.o
LOAD Middlewares\Third_Party\LwIP\src\core\def.o
LOAD Middlewares\Third_Party\LwIP\src\core\dns.o
LOAD Middlewares\Third_Party\LwIP\src\core\inet_chksum.o
LOAD Middlewares\Third_Party\LwIP\src\core\init.o
LOAD Middlewares\Third_Party\LwIP\src\core\ip.o
LOAD Middlewares\Third_Party\LwIP\src\core\ipv4\autoip.o
LOAD Middlewares\Third_Party\LwIP\src\core\ipv4\dhcp.o
LOAD Middlewares\Third_Party\LwIP\src\core\ipv4\etharp.o
LOAD Middlewares\Third_Party\LwIP\src\core\ipv4\icmp.o
LOAD Middlewares\Third_Party\LwIP\src\core\ipv4\igmp.o
LOAD Middlewares\Third_Party\LwIP\src\core\ipv4\ip4.o
LOAD Middlewares\Third_Party\LwIP\src\core\ipv4\ip4_addr.o
LOAD Middlewares\Third_Party\LwIP\src\core\ipv4\ip4_frag.o
LOAD Middlewares\Third_Party\LwIP\src\core\ipv6\dhcp6.o
LOAD Middlewares\Third_Party\LwIP\src\core\ipv6\ethip6.o
LOAD Middlewares\Third_Party\LwIP\src\core\ipv6\icmp6.o
LOAD Middlewares\Third_Party\LwIP\src\core\ipv6\inet6.o
LOAD Middlewares\Third_Party\LwIP\src\core\ipv6\ip6.o
LOAD Middlewares\Third_Party\LwIP\src\core\ipv6\ip6_addr.o
LOAD Middlewares\Third_Party\LwIP\src\core\ipv6\ip6_frag.o
LOAD Middlewares\Third_Party\LwIP\src\core\ipv6\mld6.o
LOAD Middlewares\Third_Party\LwIP\src\core\ipv6\nd6.o
LOAD Middlewares\Third_Party\LwIP\src\core\mem.o
LOAD Middlewares\Third_Party\LwIP\src\core\memp.o
LOAD Middlewares\Third_Party\LwIP\src\core\netif.o
LOAD Middlewares\Third_Party\LwIP\src\core\pbuf.o
LOAD Middlewares\Third_Party\LwIP\src\core\raw.o
LOAD Middlewares\Third_Party\LwIP\src\core\stats.o
LOAD Middlewares\Third_Party\LwIP\src\core\sys.o
LOAD Middlewares\Third_Party\LwIP\src\core\tcp.o
LOAD Middlewares\Third_Party\LwIP\src\core\tcp_in.o
LOAD Middlewares\Third_Party\LwIP\src\core\tcp_out.o
LOAD Middlewares\Third_Party\LwIP\src\core\timeouts.o
LOAD Middlewares\Third_Party\LwIP\src\core\udp.o
LOAD Middlewares\Third_Party\LwIP\src\netif\ethernet.o
LOAD Middlewares\Third_Party\LwIP\src\netif\lowpan6.o
LOAD Middlewares\Third_Party\LwIP\src\netif\ppp\auth.o
LOAD Middlewares\Third_Party\LwIP\src\netif\ppp\ccp.o
LOAD Middlewares\Third_Party\LwIP\src\netif\ppp\chap-md5.o
LOAD Middlewares\Third_Party\LwIP\src\netif\ppp\chap-new.o
LOAD Middlewares\Third_Party\LwIP\src\netif\ppp\chap_ms.o
LOAD Middlewares\Third_Party\LwIP\src\netif\ppp\demand.o
LOAD Middlewares\Third_Party\LwIP\src\netif\ppp\eap.o
LOAD Middlewares\Third_Party\LwIP\src\netif\ppp\ecp.o
LOAD Middlewares\Third_Party\LwIP\src\netif\ppp\eui64.o
LOAD Middlewares\Third_Party\LwIP\src\netif\ppp\fsm.o
LOAD Middlewares\Third_Party\LwIP\src\netif\ppp\ipcp.o
LOAD Middlewares\Third_Party\LwIP\src\netif\ppp\ipv6cp.o
LOAD Middlewares\Third_Party\LwIP\src\netif\ppp\lcp.o
LOAD Middlewares\Third_Party\LwIP\src\netif\ppp\magic.o
LOAD Middlewares\Third_Party\LwIP\src\netif\ppp\mppe.o
LOAD Middlewares\Third_Party\LwIP\src\netif\ppp\multilink.o
LOAD Middlewares\Third_Party\LwIP\src\netif\ppp\ppp.o
LOAD Middlewares\Third_Party\LwIP\src\netif\ppp\pppapi.o
LOAD Middlewares\Third_Party\LwIP\src\netif\ppp\pppcrypt.o
LOAD Middlewares\Third_Party\LwIP\src\netif\ppp\pppoe.o
LOAD Middlewares\Third_Party\LwIP\src\netif\ppp\pppol2tp.o
LOAD Middlewares\Third_Party\LwIP\src\netif\ppp\pppos.o
LOAD Middlewares\Third_Party\LwIP\src\netif\ppp\upap.o
LOAD Middlewares\Third_Party\LwIP\src\netif\ppp\utils.o
LOAD Middlewares\Third_Party\LwIP\src\netif\ppp\vj.o
LOAD Middlewares\Third_Party\LwIP\src\netif\slipif.o
LOAD Src\ethernetif.o
LOAD Src\lwip.o
LOAD Src\main.o
LOAD Src\stm32f4xx_hal_msp.o
LOAD Src\stm32f4xx_it.o
LOAD Src\syscalls.o
LOAD Src\system_stm32f4xx.o
LOAD Src\usb_host.o
LOAD Src\usbh_conf.o
LOAD Src\usbh_platform.o
LOAD startup\startup_stm32f407xx.o
                0x00000080                malloc_getpagesize_P = 0x80
START GROUP
LOAD c:/program files (x86)/atollic/truestudio for stm32 9.3.0/armtools/bin/../lib/gcc/arm-atollic-eabi/6.3.1/../../../../arm-atollic-eabi/lib/armv7e-m/fpu\libc_nano.a
LOAD c:/program files (x86)/atollic/truestudio for stm32 9.3.0/armtools/bin/../lib/gcc/arm-atollic-eabi/6.3.1/../../../../arm-atollic-eabi/lib/armv7e-m/fpu\libm.a
END GROUP
START GROUP
LOAD c:/program files (x86)/atollic/truestudio for stm32 9.3.0/armtools/bin/../lib/gcc/arm-atollic-eabi/6.3.1/armv7e-m/fpu\libgcc.a
LOAD c:/program files (x86)/atollic/truestudio for stm32 9.3.0/armtools/bin/../lib/gcc/arm-atollic-eabi/6.3.1/../../../../arm-atollic-eabi/lib/armv7e-m/fpu\libc_nano.a
END GROUP
START GROUP
LOAD c:/program files (x86)/atollic/truestudio for stm32 9.3.0/armtools/bin/../lib/gcc/arm-atollic-eabi/6.3.1/armv7e-m/fpu\libgcc.a
LOAD c:/program files (x86)/atollic/truestudio for stm32 9.3.0/armtools/bin/../lib/gcc/arm-atollic-eabi/6.3.1/../../../../arm-atollic-eabi/lib/armv7e-m/fpu\libc_nano.a
LOAD c:/program files (x86)/atollic/truestudio for stm32 9.3.0/armtools/bin/../lib/gcc/arm-atollic-eabi/6.3.1/../../../../arm-atollic-eabi/lib/armv7e-m/fpu\libnosys.a
END GROUP
START GROUP
LOAD c:/program files (x86)/atollic/truestudio for stm32 9.3.0/armtools/bin/../lib/gcc/arm-atollic-eabi/6.3.1/armv7e-m/fpu\libgcc.a
LOAD c:/program files (x86)/atollic/truestudio for stm32 9.3.0/armtools/bin/../lib/gcc/arm-atollic-eabi/6.3.1/../../../../arm-atollic-eabi/lib/armv7e-m/fpu\libc_nano.a
LOAD c:/program files (x86)/atollic/truestudio for stm32 9.3.0/armtools/bin/../lib/gcc/arm-atollic-eabi/6.3.1/../../../../arm-atollic-eabi/lib/armv7e-m/fpu\libnosys.a
END GROUP
LOAD c:/program files (x86)/atollic/truestudio for stm32 9.3.0/armtools/bin/../lib/gcc/arm-atollic-eabi/6.3.1/armv7e-m/fpu/crtend.o
LOAD c:/program files (x86)/atollic/truestudio for stm32 9.3.0/armtools/bin/../lib/gcc/arm-atollic-eabi/6.3.1/armv7e-m/fpu/crtn.o
                0x20020000                _estack = 0x20020000
                0x00000200                _Min_Heap_Size = 0x200
                0x00000400                _Min_Stack_Size = 0x400

.isr_vector     0x08000000      0x188
                0x08000000                . = ALIGN (0x4)
 *(.isr_vector)
 .isr_vector    0x08000000      0x188 startup\startup_stm32f407xx.o
                0x08000000                g_pfnVectors
                0x08000188                . = ALIGN (0x4)

.text           0x08000190     0xb754
                0x08000190                . = ALIGN (0x4)
 *(.text)
 .text          0x08000190       0x40 c:/program files (x86)/atollic/truestudio for stm32 9.3.0/armtools/bin/../lib/gcc/arm-atollic-eabi/6.3.1/armv7e-m/fpu/crtbegin.o
 .text          0x080001d0       0x14 c:/program files (x86)/atollic/truestudio for stm32 9.3.0/armtools/bin/../lib/gcc/arm-atollic-eabi/6.3.1/../../../../arm-atollic-eabi/lib/armv7e-m/fpu\libc_nano.a(lib_a-strcmp.o)
                0x080001d0                strcmp
 .text          0x080001e4       0x10 c:/program files (x86)/atollic/truestudio for stm32 9.3.0/armtools/bin/../lib/gcc/arm-atollic-eabi/6.3.1/../../../../arm-atollic-eabi/lib/armv7e-m/fpu\libc_nano.a(lib_a-strlen.o)
                0x080001e4                strlen
 *fill*         0x080001f4        0xc 
 .text          0x08000200       0xa0 c:/program files (x86)/atollic/truestudio for stm32 9.3.0/armtools/bin/../lib/gcc/arm-atollic-eabi/6.3.1/../../../../arm-atollic-eabi/lib/armv7e-m/fpu\libc_nano.a(lib_a-memchr.o)
                0x08000200                memchr
 .text          0x080002a0       0x30 c:/program files (x86)/atollic/truestudio for stm32 9.3.0/armtools/bin/../lib/gcc/arm-atollic-eabi/6.3.1/armv7e-m/fpu\libgcc.a(_aeabi_uldivmod.o)
                0x080002a0                __aeabi_uldivmod
 .text          0x080002d0      0x2dc c:/program files (x86)/atollic/truestudio for stm32 9.3.0/armtools/bin/../lib/gcc/arm-atollic-eabi/6.3.1/armv7e-m/fpu\libgcc.a(_udivmoddi4.o)
                0x080002d0                __udivmoddi4
 .text          0x080005ac        0x4 c:/program files (x86)/atollic/truestudio for stm32 9.3.0/armtools/bin/../lib/gcc/arm-atollic-eabi/6.3.1/armv7e-m/fpu\libgcc.a(_dvmd_tls.o)
                0x080005ac                __aeabi_idiv0
                0x080005ac                __aeabi_ldiv0
 *(.text*)
 .text.HAL_InitTick
                0x080005b0       0x48 Drivers\STM32F4xx_HAL_Driver\Src\stm32f4xx_hal.o
                0x080005b0                HAL_InitTick
 .text.HAL_Init
                0x080005f8       0x34 Drivers\STM32F4xx_HAL_Driver\Src\stm32f4xx_hal.o
                0x080005f8                HAL_Init
 .text.HAL_IncTick
                0x0800062c       0x18 Drivers\STM32F4xx_HAL_Driver\Src\stm32f4xx_hal.o
                0x0800062c                HAL_IncTick
 .text.HAL_GetTick
                0x08000644        0xc Drivers\STM32F4xx_HAL_Driver\Src\stm32f4xx_hal.o
                0x08000644                HAL_GetTick
 .text.HAL_Delay
                0x08000650       0x28 Drivers\STM32F4xx_HAL_Driver\Src\stm32f4xx_hal.o
                0x08000650                HAL_Delay
 .text.HAL_NVIC_SetPriorityGrouping
                0x08000678       0x24 Drivers\STM32F4xx_HAL_Driver\Src\stm32f4xx_hal_cortex.o
                0x08000678                HAL_NVIC_SetPriorityGrouping
 .text.HAL_NVIC_SetPriority
                0x0800069c       0x68 Drivers\STM32F4xx_HAL_Driver\Src\stm32f4xx_hal_cortex.o
                0x0800069c                HAL_NVIC_SetPriority
 .text.HAL_NVIC_EnableIRQ
                0x08000704       0x1c Drivers\STM32F4xx_HAL_Driver\Src\stm32f4xx_hal_cortex.o
                0x08000704                HAL_NVIC_EnableIRQ
 .text.HAL_SYSTICK_Config
                0x08000720       0x2c Drivers\STM32F4xx_HAL_Driver\Src\stm32f4xx_hal_cortex.o
                0x08000720                HAL_SYSTICK_Config
 .text.HAL_DMA_Abort_IT
                0x0800074c       0x24 Drivers\STM32F4xx_HAL_Driver\Src\stm32f4xx_hal_dma.o
                0x0800074c                HAL_DMA_Abort_IT
 .text.ETH_Delay.constprop.4
                0x08000770       0x24 Drivers\STM32F4xx_HAL_Driver\Src\stm32f4xx_hal_eth.o
 .text.ETH_FlushTransmitFIFO
                0x08000794       0x28 Drivers\STM32F4xx_HAL_Driver\Src\stm32f4xx_hal_eth.o
 .text.ETH_MACDMAConfig
                0x080007bc       0xf8 Drivers\STM32F4xx_HAL_Driver\Src\stm32f4xx_hal_eth.o
 .text.HAL_ETH_DMATxDescListInit
                0x080008b4       0x7a Drivers\STM32F4xx_HAL_Driver\Src\stm32f4xx_hal_eth.o
                0x080008b4                HAL_ETH_DMATxDescListInit
 .text.HAL_ETH_DMARxDescListInit
                0x0800092e       0x78 Drivers\STM32F4xx_HAL_Driver\Src\stm32f4xx_hal_eth.o
                0x0800092e                HAL_ETH_DMARxDescListInit
 *fill*         0x080009a6        0x2 
 .text.HAL_ETH_TransmitFrame
                0x080009a8       0xe8 Drivers\STM32F4xx_HAL_Driver\Src\stm32f4xx_hal_eth.o
                0x080009a8                HAL_ETH_TransmitFrame
 .text.HAL_ETH_GetReceivedFrame
                0x08000a90       0x7e Drivers\STM32F4xx_HAL_Driver\Src\stm32f4xx_hal_eth.o
                0x08000a90                HAL_ETH_GetReceivedFrame
 .text.HAL_ETH_ReadPHYRegister
                0x08000b0e       0x74 Drivers\STM32F4xx_HAL_Driver\Src\stm32f4xx_hal_eth.o
                0x08000b0e                HAL_ETH_ReadPHYRegister
 .text.HAL_ETH_WritePHYRegister
                0x08000b82       0x6e Drivers\STM32F4xx_HAL_Driver\Src\stm32f4xx_hal_eth.o
                0x08000b82                HAL_ETH_WritePHYRegister
 .text.HAL_ETH_Init
                0x08000bf0      0x1f8 Drivers\STM32F4xx_HAL_Driver\Src\stm32f4xx_hal_eth.o
                0x08000bf0                HAL_ETH_Init
 .text.HAL_ETH_Start
                0x08000de8       0x78 Drivers\STM32F4xx_HAL_Driver\Src\stm32f4xx_hal_eth.o
                0x08000de8                HAL_ETH_Start
 .text.HAL_GPIO_Init
                0x08000e60      0x1c0 Drivers\STM32F4xx_HAL_Driver\Src\stm32f4xx_hal_gpio.o
                0x08000e60                HAL_GPIO_Init
 .text.HAL_GPIO_WritePin
                0x08001020        0xa Drivers\STM32F4xx_HAL_Driver\Src\stm32f4xx_hal_gpio.o
                0x08001020                HAL_GPIO_WritePin
 .text.HAL_GPIO_TogglePin
                0x0800102a        0xe Drivers\STM32F4xx_HAL_Driver\Src\stm32f4xx_hal_gpio.o
                0x0800102a                HAL_GPIO_TogglePin
 .text.HAL_HCD_HC_Init
                0x08001038       0x70 Drivers\STM32F4xx_HAL_Driver\Src\stm32f4xx_hal_hcd.o
                0x08001038                HAL_HCD_HC_Init
 .text.HAL_HCD_HC_Halt
                0x080010a8       0x24 Drivers\STM32F4xx_HAL_Driver\Src\stm32f4xx_hal_hcd.o
                0x080010a8                HAL_HCD_HC_Halt
 .text.HAL_HCD_Init
                0x080010cc       0x94 Drivers\STM32F4xx_HAL_Driver\Src\stm32f4xx_hal_hcd.o
                0x080010cc                HAL_HCD_Init
 .text.HAL_HCD_HC_SubmitRequest
                0x08001160       0xc4 Drivers\STM32F4xx_HAL_Driver\Src\stm32f4xx_hal_hcd.o
                0x08001160                HAL_HCD_HC_SubmitRequest
 .text.HAL_HCD_IRQHandler
                0x08001224      0x638 Drivers\STM32F4xx_HAL_Driver\Src\stm32f4xx_hal_hcd.o
                0x08001224                HAL_HCD_IRQHandler
 .text.HAL_HCD_Start
                0x0800185c       0x2c Drivers\STM32F4xx_HAL_Driver\Src\stm32f4xx_hal_hcd.o
                0x0800185c                HAL_HCD_Start
 .text.HAL_HCD_Stop
                0x08001888       0x24 Drivers\STM32F4xx_HAL_Driver\Src\stm32f4xx_hal_hcd.o
                0x08001888                HAL_HCD_Stop
 .text.HAL_HCD_ResetPort
                0x080018ac        0x6 Drivers\STM32F4xx_HAL_Driver\Src\stm32f4xx_hal_hcd.o
                0x080018ac                HAL_HCD_ResetPort
 .text.HAL_HCD_HC_GetURBState
                0x080018b2        0xc Drivers\STM32F4xx_HAL_Driver\Src\stm32f4xx_hal_hcd.o
                0x080018b2                HAL_HCD_HC_GetURBState
 .text.HAL_HCD_HC_GetXferCount
                0x080018be        0xa Drivers\STM32F4xx_HAL_Driver\Src\stm32f4xx_hal_hcd.o
                0x080018be                HAL_HCD_HC_GetXferCount
 .text.HAL_HCD_GetCurrentFrame
                0x080018c8        0x6 Drivers\STM32F4xx_HAL_Driver\Src\stm32f4xx_hal_hcd.o
                0x080018c8                HAL_HCD_GetCurrentFrame
 .text.HAL_HCD_GetCurrentSpeed
                0x080018ce        0x6 Drivers\STM32F4xx_HAL_Driver\Src\stm32f4xx_hal_hcd.o
                0x080018ce                HAL_HCD_GetCurrentSpeed
 .text.HAL_I2C_Init
                0x080018d4      0x158 Drivers\STM32F4xx_HAL_Driver\Src\stm32f4xx_hal_i2c.o
                0x080018d4                HAL_I2C_Init
 .text.HAL_RCC_OscConfig
                0x08001a2c      0x34c Drivers\STM32F4xx_HAL_Driver\Src\stm32f4xx_hal_rcc.o
                0x08001a2c                HAL_RCC_OscConfig
 .text.HAL_RCC_GetSysClockFreq
                0x08001d78       0x5c Drivers\STM32F4xx_HAL_Driver\Src\stm32f4xx_hal_rcc.o
                0x08001d78                HAL_RCC_GetSysClockFreq
 .text.HAL_RCC_ClockConfig
                0x08001dd4      0x138 Drivers\STM32F4xx_HAL_Driver\Src\stm32f4xx_hal_rcc.o
                0x08001dd4                HAL_RCC_ClockConfig
 .text.HAL_RCC_GetHCLKFreq
                0x08001f0c        0xc Drivers\STM32F4xx_HAL_Driver\Src\stm32f4xx_hal_rcc.o
                0x08001f0c                HAL_RCC_GetHCLKFreq
 .text.HAL_RCC_GetPCLK1Freq
                0x08001f18       0x20 Drivers\STM32F4xx_HAL_Driver\Src\stm32f4xx_hal_rcc.o
                0x08001f18                HAL_RCC_GetPCLK1Freq
 .text.HAL_RCC_GetPCLK2Freq
                0x08001f38       0x20 Drivers\STM32F4xx_HAL_Driver\Src\stm32f4xx_hal_rcc.o
                0x08001f38                HAL_RCC_GetPCLK2Freq
 .text.HAL_TIM_PeriodElapsedCallback
                0x08001f58        0x2 Drivers\STM32F4xx_HAL_Driver\Src\stm32f4xx_hal_tim.o
                0x08001f58                HAL_TIM_PeriodElapsedCallback
 .text.HAL_TIM_OC_DelayElapsedCallback
                0x08001f5a        0x2 Drivers\STM32F4xx_HAL_Driver\Src\stm32f4xx_hal_tim.o
                0x08001f5a                HAL_TIM_OC_DelayElapsedCallback
 .text.HAL_TIM_IC_CaptureCallback
                0x08001f5c        0x2 Drivers\STM32F4xx_HAL_Driver\Src\stm32f4xx_hal_tim.o
                0x08001f5c                HAL_TIM_IC_CaptureCallback
 .text.HAL_TIM_PWM_PulseFinishedCallback
                0x08001f5e        0x2 Drivers\STM32F4xx_HAL_Driver\Src\stm32f4xx_hal_tim.o
                0x08001f5e                HAL_TIM_PWM_PulseFinishedCallback
 .text.HAL_TIM_TriggerCallback
                0x08001f60        0x2 Drivers\STM32F4xx_HAL_Driver\Src\stm32f4xx_hal_tim.o
                0x08001f60                HAL_TIM_TriggerCallback
 .text.HAL_TIM_IRQHandler
                0x08001f62      0x144 Drivers\STM32F4xx_HAL_Driver\Src\stm32f4xx_hal_tim.o
                0x08001f62                HAL_TIM_IRQHandler
 *fill*         0x080020a6        0x2 
 .text.TIM_Base_SetConfig
                0x080020a8       0xcc Drivers\STM32F4xx_HAL_Driver\Src\stm32f4xx_hal_tim.o
                0x080020a8                TIM_Base_SetConfig
 .text.HAL_TIM_Base_Init
                0x08002174       0x34 Drivers\STM32F4xx_HAL_Driver\Src\stm32f4xx_hal_tim.o
                0x08002174                HAL_TIM_Base_Init
 .text.TIM_ETR_SetConfig
                0x080021a8       0x14 Drivers\STM32F4xx_HAL_Driver\Src\stm32f4xx_hal_tim.o
                0x080021a8                TIM_ETR_SetConfig
 .text.HAL_TIM_ConfigClockSource
                0x080021bc      0x128 Drivers\STM32F4xx_HAL_Driver\Src\stm32f4xx_hal_tim.o
                0x080021bc                HAL_TIM_ConfigClockSource
 .text.HAL_TIMEx_MasterConfigSynchronization
                0x080022e4       0x84 Drivers\STM32F4xx_HAL_Driver\Src\stm32f4xx_hal_tim_ex.o
                0x080022e4                HAL_TIMEx_MasterConfigSynchronization
 .text.HAL_TIMEx_CommutCallback
                0x08002368        0x2 Drivers\STM32F4xx_HAL_Driver\Src\stm32f4xx_hal_tim_ex.o
                0x08002368                HAL_TIMEx_CommutCallback
 .text.HAL_TIMEx_BreakCallback
                0x0800236a        0x2 Drivers\STM32F4xx_HAL_Driver\Src\stm32f4xx_hal_tim_ex.o
                0x0800236a                HAL_TIMEx_BreakCallback
 .text.UART_EndRxTransfer
                0x0800236c       0x1a Drivers\STM32F4xx_HAL_Driver\Src\stm32f4xx_hal_uart.o
 *fill*         0x08002386        0x2 
 .text.UART_SetConfig
                0x08002388       0xdc Drivers\STM32F4xx_HAL_Driver\Src\stm32f4xx_hal_uart.o
 .text.UART_WaitOnFlagUntilTimeout.constprop.3
                0x08002464       0x50 Drivers\STM32F4xx_HAL_Driver\Src\stm32f4xx_hal_uart.o
 .text.HAL_UART_Init
                0x080024b4       0x5c Drivers\STM32F4xx_HAL_Driver\Src\stm32f4xx_hal_uart.o
                0x080024b4                HAL_UART_Init
 .text.HAL_UART_Receive
                0x08002510       0xc4 Drivers\STM32F4xx_HAL_Driver\Src\stm32f4xx_hal_uart.o
                0x08002510                HAL_UART_Receive
 .text.HAL_UART_TxCpltCallback
                0x080025d4        0x2 Drivers\STM32F4xx_HAL_Driver\Src\stm32f4xx_hal_uart.o
                0x080025d4                HAL_UART_TxCpltCallback
 .text.HAL_UART_RxCpltCallback
                0x080025d6        0x2 Drivers\STM32F4xx_HAL_Driver\Src\stm32f4xx_hal_uart.o
                0x080025d6                HAL_UART_RxCpltCallback
 .text.UART_Receive_IT
                0x080025d8       0x7c Drivers\STM32F4xx_HAL_Driver\Src\stm32f4xx_hal_uart.o
 .text.HAL_UART_ErrorCallback
                0x08002654        0x2 Drivers\STM32F4xx_HAL_Driver\Src\stm32f4xx_hal_uart.o
                0x08002654                HAL_UART_ErrorCallback
 *fill*         0x08002656        0x2 
 .text.HAL_UART_IRQHandler
                0x08002658      0x144 Drivers\STM32F4xx_HAL_Driver\Src\stm32f4xx_hal_uart.o
                0x08002658                HAL_UART_IRQHandler
 .text.UART_DMAAbortOnError
                0x0800279c       0x10 Drivers\STM32F4xx_HAL_Driver\Src\stm32f4xx_hal_uart.o
 .text.USB_CoreReset
                0x080027ac       0x30 Drivers\STM32F4xx_HAL_Driver\Src\stm32f4xx_ll_usb.o
 .text.USB_CoreInit
                0x080027dc       0x80 Drivers\STM32F4xx_HAL_Driver\Src\stm32f4xx_ll_usb.o
                0x080027dc                USB_CoreInit
 .text.USB_EnableGlobalInt
                0x0800285c        0xc Drivers\STM32F4xx_HAL_Driver\Src\stm32f4xx_ll_usb.o
                0x0800285c                USB_EnableGlobalInt
 .text.USB_DisableGlobalInt
                0x08002868        0xc Drivers\STM32F4xx_HAL_Driver\Src\stm32f4xx_ll_usb.o
                0x08002868                USB_DisableGlobalInt
 .text.USB_SetCurrentMode
                0x08002874       0x2e Drivers\STM32F4xx_HAL_Driver\Src\stm32f4xx_ll_usb.o
                0x08002874                USB_SetCurrentMode
 *fill*         0x080028a2        0x2 
 .text.USB_FlushTxFifo
                0x080028a4       0x24 Drivers\STM32F4xx_HAL_Driver\Src\stm32f4xx_ll_usb.o
                0x080028a4                USB_FlushTxFifo
 .text.USB_FlushRxFifo
                0x080028c8       0x20 Drivers\STM32F4xx_HAL_Driver\Src\stm32f4xx_ll_usb.o
                0x080028c8                USB_FlushRxFifo
 .text.USB_WritePacket
                0x080028e8       0x28 Drivers\STM32F4xx_HAL_Driver\Src\stm32f4xx_ll_usb.o
                0x080028e8                USB_WritePacket
 .text.USB_ReadPacket
                0x08002910       0x1c Drivers\STM32F4xx_HAL_Driver\Src\stm32f4xx_ll_usb.o
                0x08002910                USB_ReadPacket
 .text.USB_ReadInterrupts
                0x0800292c        0x8 Drivers\STM32F4xx_HAL_Driver\Src\stm32f4xx_ll_usb.o
                0x0800292c                USB_ReadInterrupts
 .text.USB_GetMode
                0x08002934        0x8 Drivers\STM32F4xx_HAL_Driver\Src\stm32f4xx_ll_usb.o
                0x08002934                USB_GetMode
 .text.USB_InitFSLSPClkSel
                0x0800293c       0x38 Drivers\STM32F4xx_HAL_Driver\Src\stm32f4xx_ll_usb.o
                0x0800293c                USB_InitFSLSPClkSel
 .text.USB_ResetPort
                0x08002974       0x3c Drivers\STM32F4xx_HAL_Driver\Src\stm32f4xx_ll_usb.o
                0x08002974                USB_ResetPort
 .text.USB_DriveVbus
                0x080029b0       0x40 Drivers\STM32F4xx_HAL_Driver\Src\stm32f4xx_ll_usb.o
                0x080029b0                USB_DriveVbus
 .text.USB_HostInit
                0x080029f0       0xe0 Drivers\STM32F4xx_HAL_Driver\Src\stm32f4xx_ll_usb.o
                0x080029f0                USB_HostInit
 .text.USB_GetHostSpeed
                0x08002ad0       0x16 Drivers\STM32F4xx_HAL_Driver\Src\stm32f4xx_ll_usb.o
                0x08002ad0                USB_GetHostSpeed
 .text.USB_GetCurrentFrame
                0x08002ae6        0xa Drivers\STM32F4xx_HAL_Driver\Src\stm32f4xx_ll_usb.o
                0x08002ae6                USB_GetCurrentFrame
 .text.USB_HC_Init
                0x08002af0      0x10a Drivers\STM32F4xx_HAL_Driver\Src\stm32f4xx_ll_usb.o
                0x08002af0                USB_HC_Init
 .text.USB_HC_ReadInterrupt
                0x08002bfa        0xa Drivers\STM32F4xx_HAL_Driver\Src\stm32f4xx_ll_usb.o
                0x08002bfa                USB_HC_ReadInterrupt
 .text.USB_HC_Halt
                0x08002c04       0xa4 Drivers\STM32F4xx_HAL_Driver\Src\stm32f4xx_ll_usb.o
                0x08002c04                USB_HC_Halt
 .text.USB_DoPing
                0x08002ca8       0x24 Drivers\STM32F4xx_HAL_Driver\Src\stm32f4xx_ll_usb.o
                0x08002ca8                USB_DoPing
 .text.USB_HC_StartXfer
                0x08002ccc      0x164 Drivers\STM32F4xx_HAL_Driver\Src\stm32f4xx_ll_usb.o
                0x08002ccc                USB_HC_StartXfer
 .text.USB_StopHost
                0x08002e30       0x6c Drivers\STM32F4xx_HAL_Driver\Src\stm32f4xx_ll_usb.o
                0x08002e30                USB_StopHost
 .text.USBH_CDC_SOFProcess
                0x08002e9c        0x4 Middlewares\ST\STM32_USB_Host_Library\Class\CDC\Src\usbh_cdc.o
 .text.USBH_CDC_InterfaceDeInit
                0x08002ea0       0x62 Middlewares\ST\STM32_USB_Host_Library\Class\CDC\Src\usbh_cdc.o
 .text.USBH_CDC_InterfaceInit
                0x08002f02      0x12a Middlewares\ST\STM32_USB_Host_Library\Class\CDC\Src\usbh_cdc.o
 .text.USBH_CDC_ClassRequest
                0x0800302c       0x34 Middlewares\ST\STM32_USB_Host_Library\Class\CDC\Src\usbh_cdc.o
 .text.USBH_CDC_TransmitCallback
                0x08003060        0x2 Middlewares\ST\STM32_USB_Host_Library\Class\CDC\Src\usbh_cdc.o
                0x08003060                USBH_CDC_TransmitCallback
 .text.USBH_CDC_ReceiveCallback
                0x08003062        0x2 Middlewares\ST\STM32_USB_Host_Library\Class\CDC\Src\usbh_cdc.o
                0x08003062                USBH_CDC_ReceiveCallback
 .text.USBH_CDC_LineCodingChanged
                0x08003064        0x2 Middlewares\ST\STM32_USB_Host_Library\Class\CDC\Src\usbh_cdc.o
                0x08003064                USBH_CDC_LineCodingChanged
 .text.USBH_CDC_Process
                0x08003066      0x172 Middlewares\ST\STM32_USB_Host_Library\Class\CDC\Src\usbh_cdc.o
 .text.DeInitStateMachine
                0x080031d8       0x44 Middlewares\ST\STM32_USB_Host_Library\Core\Src\usbh_core.o
 .text.USBH_Init
                0x0800321c       0x2e Middlewares\ST\STM32_USB_Host_Library\Core\Src\usbh_core.o
                0x0800321c                USBH_Init
 .text.USBH_RegisterClass
                0x0800324a       0x1a Middlewares\ST\STM32_USB_Host_Library\Core\Src\usbh_core.o
                0x0800324a                USBH_RegisterClass
 .text.USBH_SelectInterface
                0x08003264       0x12 Middlewares\ST\STM32_USB_Host_Library\Core\Src\usbh_core.o
                0x08003264                USBH_SelectInterface
 .text.USBH_FindInterface
                0x08003276       0x3a Middlewares\ST\STM32_USB_Host_Library\Core\Src\usbh_core.o
                0x08003276                USBH_FindInterface
 .text.USBH_Start
                0x080032b0       0x14 Middlewares\ST\STM32_USB_Host_Library\Core\Src\usbh_core.o
                0x080032b0                USBH_Start
 .text.USBH_Process
                0x080032c4      0x28a Middlewares\ST\STM32_USB_Host_Library\Core\Src\usbh_core.o
                0x080032c4                USBH_Process
 .text.USBH_LL_SetTimer
                0x0800354e        0x6 Middlewares\ST\STM32_USB_Host_Library\Core\Src\usbh_core.o
                0x0800354e                USBH_LL_SetTimer
 .text.USBH_LL_IncTimer
                0x08003554       0x1c Middlewares\ST\STM32_USB_Host_Library\Core\Src\usbh_core.o
                0x08003554                USBH_LL_IncTimer
 .text.USBH_LL_PortEnabled
                0x08003570        0x8 Middlewares\ST\STM32_USB_Host_Library\Core\Src\usbh_core.o
                0x08003570                USBH_LL_PortEnabled
 .text.USBH_LL_PortDisabled
                0x08003578        0x8 Middlewares\ST\STM32_USB_Host_Library\Core\Src\usbh_core.o
                0x08003578                USBH_LL_PortDisabled
 .text.USBH_LL_Connect
                0x08003580       0x28 Middlewares\ST\STM32_USB_Host_Library\Core\Src\usbh_core.o
                0x08003580                USBH_LL_Connect
 .text.USBH_LL_Disconnect
                0x080035a8       0x38 Middlewares\ST\STM32_USB_Host_Library\Core\Src\usbh_core.o
                0x080035a8                USBH_LL_Disconnect
 .text.USBH_CtlReq
                0x080035e0      0x182 Middlewares\ST\STM32_USB_Host_Library\Core\Src\usbh_ctlreq.o
                0x080035e0                USBH_CtlReq
 .text.USBH_GetDescriptor
                0x08003762       0x38 Middlewares\ST\STM32_USB_Host_Library\Core\Src\usbh_ctlreq.o
                0x08003762                USBH_GetDescriptor
 .text.USBH_Get_DevDesc
                0x0800379a       0x90 Middlewares\ST\STM32_USB_Host_Library\Core\Src\usbh_ctlreq.o
                0x0800379a                USBH_Get_DevDesc
 .text.USBH_Get_CfgDesc
                0x0800382a      0x11c Middlewares\ST\STM32_USB_Host_Library\Core\Src\usbh_ctlreq.o
                0x0800382a                USBH_Get_CfgDesc
 .text.USBH_Get_StringDesc
                0x08003946       0x4e Middlewares\ST\STM32_USB_Host_Library\Core\Src\usbh_ctlreq.o
                0x08003946                USBH_Get_StringDesc
 .text.USBH_SetAddress
                0x08003994       0x1c Middlewares\ST\STM32_USB_Host_Library\Core\Src\usbh_ctlreq.o
                0x08003994                USBH_SetAddress
 .text.USBH_SetCfg
                0x080039b0       0x1c Middlewares\ST\STM32_USB_Host_Library\Core\Src\usbh_ctlreq.o
                0x080039b0                USBH_SetCfg
 .text.USBH_SetFeature
                0x080039cc       0x1c Middlewares\ST\STM32_USB_Host_Library\Core\Src\usbh_ctlreq.o
                0x080039cc                USBH_SetFeature
 .text.USBH_ClrFeature
                0x080039e8       0x1c Middlewares\ST\STM32_USB_Host_Library\Core\Src\usbh_ctlreq.o
                0x080039e8                USBH_ClrFeature
 .text.USBH_CtlSendSetup
                0x08003a04       0x22 Middlewares\ST\STM32_USB_Host_Library\Core\Src\usbh_ioreq.o
                0x08003a04                USBH_CtlSendSetup
 .text.USBH_CtlSendData
                0x08003a26       0x2e Middlewares\ST\STM32_USB_Host_Library\Core\Src\usbh_ioreq.o
                0x08003a26                USBH_CtlSendData
 .text.USBH_CtlReceiveData
                0x08003a54       0x20 Middlewares\ST\STM32_USB_Host_Library\Core\Src\usbh_ioreq.o
                0x08003a54                USBH_CtlReceiveData
 .text.USBH_BulkSendData
                0x08003a74       0x2e Middlewares\ST\STM32_USB_Host_Library\Core\Src\usbh_ioreq.o
                0x08003a74                USBH_BulkSendData
 .text.USBH_BulkReceiveData
                0x08003aa2       0x20 Middlewares\ST\STM32_USB_Host_Library\Core\Src\usbh_ioreq.o
                0x08003aa2                USBH_BulkReceiveData
 .text.USBH_OpenPipe
                0x08003ac2       0x1e Middlewares\ST\STM32_USB_Host_Library\Core\Src\usbh_pipes.o
                0x08003ac2                USBH_OpenPipe
 .text.USBH_ClosePipe
                0x08003ae0        0xa Middlewares\ST\STM32_USB_Host_Library\Core\Src\usbh_pipes.o
                0x08003ae0                USBH_ClosePipe
 .text.USBH_AllocPipe
                0x08003aea       0x2e Middlewares\ST\STM32_USB_Host_Library\Core\Src\usbh_pipes.o
                0x08003aea                USBH_AllocPipe
 .text.USBH_FreePipe
                0x08003b18       0x18 Middlewares\ST\STM32_USB_Host_Library\Core\Src\usbh_pipes.o
                0x08003b18                USBH_FreePipe
 .text.fs_open_custom
                0x08003b30       0xd0 Middlewares\Third_Party\LwIP\src\apps\httpd\fs.o
                0x08003b30                fs_open_custom
 .text.fs_close_custom
                0x08003c00       0x18 Middlewares\Third_Party\LwIP\src\apps\httpd\fs.o
                0x08003c00                fs_close_custom
 .text.fs_open  0x08003c18       0x24 Middlewares\Third_Party\LwIP\src\apps\httpd\fs.o
                0x08003c18                fs_open
 .text.fs_close
                0x08003c3c        0xa Middlewares\Third_Party\LwIP\src\apps\httpd\fs.o
                0x08003c3c                fs_close
 .text.fs_bytes_left
                0x08003c46        0x8 Middlewares\Third_Party\LwIP\src\apps\httpd\fs.o
                0x08003c46                fs_bytes_left
 *fill*         0x08003c4e        0x2 
 .text.http_write
                0x08003c50       0x7c Middlewares\Third_Party\LwIP\src\apps\httpd\httpd.o
 .text.http_state_eof
                0x08003ccc       0x1e Middlewares\Third_Party\LwIP\src\apps\httpd\httpd.o
 *fill*         0x08003cea        0x2 
 .text.http_get_404_file
                0x08003cec       0x3c Middlewares\Third_Party\LwIP\src\apps\httpd\httpd.o
 .text.http_accept
                0x08003d28       0x78 Middlewares\Third_Party\LwIP\src\apps\httpd\httpd.o
 .text.http_close_conn
                0x08003da0       0x58 Middlewares\Third_Party\LwIP\src\apps\httpd\httpd.o
 .text.http_check_eof
                0x08003df8       0x3c Middlewares\Third_Party\LwIP\src\apps\httpd\httpd.o
 .text.http_send
                0x08003e34      0x168 Middlewares\Third_Party\LwIP\src\apps\httpd\httpd.o
 .text.http_sent
                0x08003f9c       0x18 Middlewares\Third_Party\LwIP\src\apps\httpd\httpd.o
 .text.http_poll
                0x08003fb4       0x3a Middlewares\Third_Party\LwIP\src\apps\httpd\httpd.o
 *fill*         0x08003fee        0x2 
 .text.http_recv
                0x08003ff0      0x428 Middlewares\Third_Party\LwIP\src\apps\httpd\httpd.o
 .text.http_err
                0x08004418       0x16 Middlewares\Third_Party\LwIP\src\apps\httpd\httpd.o
 *fill*         0x0800442e        0x2 
 .text.httpd_init
                0x08004430       0x80 Middlewares\Third_Party\LwIP\src\apps\httpd\httpd.o
                0x08004430                httpd_init
 .text.lwip_htons
                0x080044b0        0x6 Middlewares\Third_Party\LwIP\src\core\def.o
                0x080044b0                lwip_htons
 .text.lwip_htonl
                0x080044b6        0x4 Middlewares\Third_Party\LwIP\src\core\def.o
                0x080044b6                lwip_htonl
 .text.lwip_strnstr
                0x080044ba       0x3c Middlewares\Third_Party\LwIP\src\core\def.o
                0x080044ba                lwip_strnstr
 .text.lwip_stricmp
                0x080044f6       0x2e Middlewares\Third_Party\LwIP\src\core\def.o
                0x080044f6                lwip_stricmp
 .text.lwip_itoa
                0x08004524       0x54 Middlewares\Third_Party\LwIP\src\core\def.o
                0x08004524                lwip_itoa
 .text.lwip_init
                0x08004578       0x1e Middlewares\Third_Party\LwIP\src\core\init.o
                0x08004578                lwip_init
 *fill*         0x08004596        0x2 
 .text.etharp_free_entry
                0x08004598       0x28 Middlewares\Third_Party\LwIP\src\core\ipv4\etharp.o
 .text.etharp_raw
                0x080045c0       0xd8 Middlewares\Third_Party\LwIP\src\core\ipv4\etharp.o
 .text.etharp_find_entry.isra.0
                0x08004698      0x114 Middlewares\Third_Party\LwIP\src\core\ipv4\etharp.o
 .text.etharp_cleanup_netif
                0x080047ac       0x28 Middlewares\Third_Party\LwIP\src\core\ipv4\etharp.o
                0x080047ac                etharp_cleanup_netif
 .text.etharp_input
                0x080047d4      0x13c Middlewares\Third_Party\LwIP\src\core\ipv4\etharp.o
                0x080047d4                etharp_input
 .text.etharp_request
                0x08004910       0x2c Middlewares\Third_Party\LwIP\src\core\ipv4\etharp.o
                0x08004910                etharp_request
 .text.etharp_tmr
                0x0800493c       0x54 Middlewares\Third_Party\LwIP\src\core\ipv4\etharp.o
                0x0800493c                etharp_tmr
 .text.etharp_output_to_arp_index
                0x08004990       0xb8 Middlewares\Third_Party\LwIP\src\core\ipv4\etharp.o
 .text.etharp_query
                0x08004a48      0x150 Middlewares\Third_Party\LwIP\src\core\ipv4\etharp.o
                0x08004a48                etharp_query
 .text.etharp_output
                0x08004b98      0x128 Middlewares\Third_Party\LwIP\src\core\ipv4\etharp.o
                0x08004b98                etharp_output
 .text.icmp_send_response.isra.0
                0x08004cc0       0x94 Middlewares\Third_Party\LwIP\src\core\ipv4\icmp.o
 .text.icmp_input
                0x08004d54      0x130 Middlewares\Third_Party\LwIP\src\core\ipv4\icmp.o
                0x08004d54                icmp_input
 .text.icmp_dest_unreach
                0x08004e84        0xa Middlewares\Third_Party\LwIP\src\core\ipv4\icmp.o
                0x08004e84                icmp_dest_unreach
 .text.icmp_time_exceeded
                0x08004e8e        0xa Middlewares\Third_Party\LwIP\src\core\ipv4\icmp.o
                0x08004e8e                icmp_time_exceeded
 .text.ip4_route
                0x08004e98       0x58 Middlewares\Third_Party\LwIP\src\core\ipv4\ip4.o
                0x08004e98                ip4_route
 .text.ip4_input
                0x08004ef0      0x184 Middlewares\Third_Party\LwIP\src\core\ipv4\ip4.o
                0x08004ef0                ip4_input
 .text.ip4_output_if_src
                0x08005074       0xf0 Middlewares\Third_Party\LwIP\src\core\ipv4\ip4.o
                0x08005074                ip4_output_if_src
 .text.ip4_output_if
                0x08005164       0x22 Middlewares\Third_Party\LwIP\src\core\ipv4\ip4.o
                0x08005164                ip4_output_if
 .text.ip4_addr_isbroadcast_u32
                0x08005186       0x32 Middlewares\Third_Party\LwIP\src\core\ipv4\ip4_addr.o
                0x08005186                ip4_addr_isbroadcast_u32
 .text.ip_reass_dequeue_datagram
                0x080051b8       0x44 Middlewares\Third_Party\LwIP\src\core\ipv4\ip4_frag.o
 .text.ip_reass_free_complete_datagram
                0x080051fc       0xe8 Middlewares\Third_Party\LwIP\src\core\ipv4\ip4_frag.o
 .text.ip_reass_remove_oldest_datagram
                0x080052e4       0x78 Middlewares\Third_Party\LwIP\src\core\ipv4\ip4_frag.o
 .text.ip_frag_free_pbuf_custom_ref
                0x0800535c       0x2c Middlewares\Third_Party\LwIP\src\core\ipv4\ip4_frag.o
 .text.ipfrag_free_pbuf_custom
                0x08005388       0x34 Middlewares\Third_Party\LwIP\src\core\ipv4\ip4_frag.o
 .text.ip_reass_tmr
                0x080053bc       0x28 Middlewares\Third_Party\LwIP\src\core\ipv4\ip4_frag.o
                0x080053bc                ip_reass_tmr
 .text.ip4_reass
                0x080053e4      0x354 Middlewares\Third_Party\LwIP\src\core\ipv4\ip4_frag.o
                0x080053e4                ip4_reass
 .text.ip4_frag
                0x08005738      0x1b4 Middlewares\Third_Party\LwIP\src\core\ipv4\ip4_frag.o
                0x08005738                ip4_frag
 .text.mem_init
                0x080058ec       0x40 Middlewares\Third_Party\LwIP\src\core\mem.o
                0x080058ec                mem_init
 .text.mem_free
                0x0800592c      0x150 Middlewares\Third_Party\LwIP\src\core\mem.o
                0x0800592c                mem_free
 .text.mem_trim
                0x08005a7c       0xf0 Middlewares\Third_Party\LwIP\src\core\mem.o
                0x08005a7c                mem_trim
 .text.mem_malloc
                0x08005b6c      0x124 Middlewares\Third_Party\LwIP\src\core\mem.o
                0x08005b6c                mem_malloc
 .text.do_memp_malloc_pool.isra.0
                0x08005c90       0x2c Middlewares\Third_Party\LwIP\src\core\memp.o
 .text.do_memp_free_pool.isra.1
                0x08005cbc       0x30 Middlewares\Third_Party\LwIP\src\core\memp.o
 .text.memp_init_pool
                0x08005cec       0x26 Middlewares\Third_Party\LwIP\src\core\memp.o
                0x08005cec                memp_init_pool
 *fill*         0x08005d12        0x2 
 .text.memp_init
                0x08005d14       0x1c Middlewares\Third_Party\LwIP\src\core\memp.o
                0x08005d14                memp_init
 .text.memp_malloc
                0x08005d30       0x38 Middlewares\Third_Party\LwIP\src\core\memp.o
                0x08005d30                memp_malloc
 .text.memp_free
                0x08005d68       0x34 Middlewares\Third_Party\LwIP\src\core\memp.o
                0x08005d68                memp_free
 .text.netif_issue_reports.part.0
                0x08005d9c       0x12 Middlewares\Third_Party\LwIP\src\core\netif.o
 .text.netif_init
                0x08005dae        0x2 Middlewares\Third_Party\LwIP\src\core\netif.o
                0x08005dae                netif_init
 .text.netif_set_ipaddr
                0x08005db0       0x44 Middlewares\Third_Party\LwIP\src\core\netif.o
                0x08005db0                netif_set_ipaddr
 .text.netif_set_addr
                0x08005df4       0x38 Middlewares\Third_Party\LwIP\src\core\netif.o
                0x08005df4                netif_set_addr
 .text.netif_add
                0x08005e2c       0x7c Middlewares\Third_Party\LwIP\src\core\netif.o
                0x08005e2c                netif_add
 .text.netif_set_default
                0x08005ea8        0xc Middlewares\Third_Party\LwIP\src\core\netif.o
                0x08005ea8                netif_set_default
 .text.netif_set_up
                0x08005eb4       0x1e Middlewares\Third_Party\LwIP\src\core\netif.o
                0x08005eb4                netif_set_up
 .text.netif_set_down
                0x08005ed2       0x1a Middlewares\Third_Party\LwIP\src\core\netif.o
                0x08005ed2                netif_set_down
 .text.pbuf_header_impl
                0x08005eec       0x9c Middlewares\Third_Party\LwIP\src\core\pbuf.o
 .text.pbuf_free_ooseq
                0x08005f88       0x2c Middlewares\Third_Party\LwIP\src\core\pbuf.o
                0x08005f88                pbuf_free_ooseq
 .text.pbuf_alloced_custom
                0x08005fb4       0x70 Middlewares\Third_Party\LwIP\src\core\pbuf.o
                0x08005fb4                pbuf_alloced_custom
 .text.pbuf_header
                0x08006024        0x6 Middlewares\Third_Party\LwIP\src\core\pbuf.o
                0x08006024                pbuf_header
 .text.pbuf_header_force
                0x0800602a        0x6 Middlewares\Third_Party\LwIP\src\core\pbuf.o
                0x0800602a                pbuf_header_force
 .text.pbuf_free
                0x08006030       0xc4 Middlewares\Third_Party\LwIP\src\core\pbuf.o
                0x08006030                pbuf_free
 .text.pbuf_alloc
                0x080060f4      0x1c0 Middlewares\Third_Party\LwIP\src\core\pbuf.o
                0x080060f4                pbuf_alloc
 .text.pbuf_realloc
                0x080062b4       0xe0 Middlewares\Third_Party\LwIP\src\core\pbuf.o
                0x080062b4                pbuf_realloc
 .text.pbuf_clen
                0x08006394       0x10 Middlewares\Third_Party\LwIP\src\core\pbuf.o
                0x08006394                pbuf_clen
 .text.pbuf_ref
                0x080063a4       0x28 Middlewares\Third_Party\LwIP\src\core\pbuf.o
                0x080063a4                pbuf_ref
 .text.pbuf_cat
                0x080063cc       0x74 Middlewares\Third_Party\LwIP\src\core\pbuf.o
                0x080063cc                pbuf_cat
 .text.pbuf_copy
                0x08006440      0x114 Middlewares\Third_Party\LwIP\src\core\pbuf.o
                0x08006440                pbuf_copy
 .text.pbuf_copy_partial
                0x08006554       0x8c Middlewares\Third_Party\LwIP\src\core\pbuf.o
                0x08006554                pbuf_copy_partial
 .text.tcp_new_port
                0x080065e0       0x50 Middlewares\Third_Party\LwIP\src\core\tcp.o
 .text.tcp_close_shutdown_fin
                0x08006630       0x60 Middlewares\Third_Party\LwIP\src\core\tcp.o
 .text.tcp_init
                0x08006690        0x2 Middlewares\Third_Party\LwIP\src\core\tcp.o
                0x08006690                tcp_init
 *fill*         0x08006692        0x2 
 .text.tcp_bind
                0x08006694       0x94 Middlewares\Third_Party\LwIP\src\core\tcp.o
                0x08006694                tcp_bind
 .text.tcp_listen_with_backlog_and_err
                0x08006728       0xb0 Middlewares\Third_Party\LwIP\src\core\tcp.o
                0x08006728                tcp_listen_with_backlog_and_err
 .text.tcp_listen_with_backlog
                0x080067d8        0x6 Middlewares\Third_Party\LwIP\src\core\tcp.o
                0x080067d8                tcp_listen_with_backlog
 *fill*         0x080067de        0x2 
 .text.tcp_update_rcv_ann_wnd
                0x080067e0       0x58 Middlewares\Third_Party\LwIP\src\core\tcp.o
                0x080067e0                tcp_update_rcv_ann_wnd
 .text.tcp_recved
                0x08006838       0x7c Middlewares\Third_Party\LwIP\src\core\tcp.o
                0x08006838                tcp_recved
 .text.tcp_seg_free
                0x080068b4       0x1c Middlewares\Third_Party\LwIP\src\core\tcp.o
                0x080068b4                tcp_seg_free
 .text.tcp_segs_free
                0x080068d0       0x10 Middlewares\Third_Party\LwIP\src\core\tcp.o
                0x080068d0                tcp_segs_free
 .text.tcp_setprio
                0x080068e0        0x4 Middlewares\Third_Party\LwIP\src\core\tcp.o
                0x080068e0                tcp_setprio
 .text.tcp_seg_copy
                0x080068e4       0x2c Middlewares\Third_Party\LwIP\src\core\tcp.o
                0x080068e4                tcp_seg_copy
 .text.tcp_arg  0x08006910        0x6 Middlewares\Third_Party\LwIP\src\core\tcp.o
                0x08006910                tcp_arg
 *fill*         0x08006916        0x2 
 .text.tcp_recv
                0x08006918       0x30 Middlewares\Third_Party\LwIP\src\core\tcp.o
                0x08006918                tcp_recv
 .text.tcp_sent
                0x08006948       0x2c Middlewares\Third_Party\LwIP\src\core\tcp.o
                0x08006948                tcp_sent
 .text.tcp_err  0x08006974       0x30 Middlewares\Third_Party\LwIP\src\core\tcp.o
                0x08006974                tcp_err
 .text.tcp_accept
                0x080069a4        0xc Middlewares\Third_Party\LwIP\src\core\tcp.o
                0x080069a4                tcp_accept
 .text.tcp_poll
                0x080069b0       0x30 Middlewares\Third_Party\LwIP\src\core\tcp.o
                0x080069b0                tcp_poll
 .text.tcp_pcb_purge
                0x080069e0       0x40 Middlewares\Third_Party\LwIP\src\core\tcp.o
                0x080069e0                tcp_pcb_purge
 .text.tcp_slowtmr
                0x08006a20      0x3c4 Middlewares\Third_Party\LwIP\src\core\tcp.o
                0x08006a20                tcp_slowtmr
 .text.tcp_pcb_remove
                0x08006de4       0xa0 Middlewares\Third_Party\LwIP\src\core\tcp.o
                0x08006de4                tcp_pcb_remove
 .text.tcp_close_shutdown
                0x08006e84      0x14c Middlewares\Third_Party\LwIP\src\core\tcp.o
 .text.tcp_close
                0x08006fd0       0x14 Middlewares\Third_Party\LwIP\src\core\tcp.o
                0x08006fd0                tcp_close
 .text.tcp_recv_null
                0x08006fe4       0x24 Middlewares\Third_Party\LwIP\src\core\tcp.o
                0x08006fe4                tcp_recv_null
 .text.tcp_process_refused_data
                0x08007008       0x66 Middlewares\Third_Party\LwIP\src\core\tcp.o
                0x08007008                tcp_process_refused_data
 *fill*         0x0800706e        0x2 
 .text.tcp_fasttmr
                0x08007070       0x80 Middlewares\Third_Party\LwIP\src\core\tcp.o
                0x08007070                tcp_fasttmr
 .text.tcp_tmr  0x080070f0       0x24 Middlewares\Third_Party\LwIP\src\core\tcp.o
                0x080070f0                tcp_tmr
 .text.tcp_abandon
                0x08007114       0xec Middlewares\Third_Party\LwIP\src\core\tcp.o
                0x08007114                tcp_abandon
 .text.tcp_abort
                0x08007200        0x6 Middlewares\Third_Party\LwIP\src\core\tcp.o
                0x08007200                tcp_abort
 .text.tcp_accept_null
                0x08007206        0xe Middlewares\Third_Party\LwIP\src\core\tcp.o
 .text.tcp_netif_ip_addr_changed_pcblist
                0x08007214       0x1c Middlewares\Third_Party\LwIP\src\core\tcp.o
 .text.tcp_kill_state
                0x08007230       0x60 Middlewares\Third_Party\LwIP\src\core\tcp.o
 .text.tcp_alloc
                0x08007290      0x110 Middlewares\Third_Party\LwIP\src\core\tcp.o
                0x08007290                tcp_alloc
 .text.tcp_new_ip_type
                0x080073a0        0x6 Middlewares\Third_Party\LwIP\src\core\tcp.o
                0x080073a0                tcp_new_ip_type
 *fill*         0x080073a6        0x2 
 .text.tcp_next_iss
                0x080073a8       0x18 Middlewares\Third_Party\LwIP\src\core\tcp.o
                0x080073a8                tcp_next_iss
 .text.tcp_eff_send_mss_impl
                0x080073c0       0x1e Middlewares\Third_Party\LwIP\src\core\tcp.o
                0x080073c0                tcp_eff_send_mss_impl
 *fill*         0x080073de        0x2 
 .text.tcp_netif_ip_addr_changed
                0x080073e0       0x4c Middlewares\Third_Party\LwIP\src\core\tcp.o
                0x080073e0                tcp_netif_ip_addr_changed
 .text.tcp_oos_insert_segment
                0x0800742c       0x7c Middlewares\Third_Party\LwIP\src\core\tcp_in.o
 .text.tcp_receive
                0x080074a8      0x998 Middlewares\Third_Party\LwIP\src\core\tcp_in.o
 .text.tcp_getoptbyte
                0x08007e40       0x40 Middlewares\Third_Party\LwIP\src\core\tcp_in.o
 .text.tcp_parseopt.isra.1.part.2
                0x08007e80       0x70 Middlewares\Third_Party\LwIP\src\core\tcp_in.o
 .text.tcp_input_delayed_close
                0x08007ef0       0x40 Middlewares\Third_Party\LwIP\src\core\tcp_in.o
 .text.tcp_input
                0x08007f30      0x9fc Middlewares\Third_Party\LwIP\src\core\tcp_in.o
                0x08007f30                tcp_input
 .text.tcp_trigger_input_pcb_close
                0x0800892c       0x10 Middlewares\Third_Party\LwIP\src\core\tcp_in.o
                0x0800892c                tcp_trigger_input_pcb_close
 .text.tcp_pbuf_prealloc
                0x0800893c       0x74 Middlewares\Third_Party\LwIP\src\core\tcp_out.o
 .text.tcp_create_segment
                0x080089b0       0xd0 Middlewares\Third_Party\LwIP\src\core\tcp_out.o
 .text.tcp_output_alloc_header.constprop.0
                0x08008a80       0x78 Middlewares\Third_Party\LwIP\src\core\tcp_out.o
 .text.tcp_write
                0x08008af8      0x52c Middlewares\Third_Party\LwIP\src\core\tcp_out.o
                0x08008af8                tcp_write
 .text.tcp_enqueue_flags
                0x08009024      0x130 Middlewares\Third_Party\LwIP\src\core\tcp_out.o
                0x08009024                tcp_enqueue_flags
 .text.tcp_send_fin
                0x08009154       0x44 Middlewares\Third_Party\LwIP\src\core\tcp_out.o
                0x08009154                tcp_send_fin
 .text.tcp_send_empty_ack
                0x08009198       0x6a Middlewares\Third_Party\LwIP\src\core\tcp_out.o
                0x08009198                tcp_send_empty_ack
 *fill*         0x08009202        0x2 
 .text.tcp_output
                0x08009204      0x2fc Middlewares\Third_Party\LwIP\src\core\tcp_out.o
                0x08009204                tcp_output
 .text.tcp_rst  0x08009500       0xb4 Middlewares\Third_Party\LwIP\src\core\tcp_out.o
                0x08009500                tcp_rst
 .text.tcp_rexmit_rto
                0x080095b4       0x38 Middlewares\Third_Party\LwIP\src\core\tcp_out.o
                0x080095b4                tcp_rexmit_rto
 .text.tcp_rexmit
                0x080095ec       0x52 Middlewares\Third_Party\LwIP\src\core\tcp_out.o
                0x080095ec                tcp_rexmit
 .text.tcp_rexmit_fast
                0x0800963e       0x4e Middlewares\Third_Party\LwIP\src\core\tcp_out.o
                0x0800963e                tcp_rexmit_fast
 .text.tcp_keepalive
                0x0800968c       0x54 Middlewares\Third_Party\LwIP\src\core\tcp_out.o
                0x0800968c                tcp_keepalive
 .text.tcp_zero_window_probe
                0x080096e0       0xc0 Middlewares\Third_Party\LwIP\src\core\tcp_out.o
                0x080096e0                tcp_zero_window_probe
 .text.sys_timeout
                0x080097a0       0xa4 Middlewares\Third_Party\LwIP\src\core\timeouts.o
                0x080097a0                sys_timeout
 .text.tcp_timer_needed
                0x08009844       0x34 Middlewares\Third_Party\LwIP\src\core\timeouts.o
                0x08009844                tcp_timer_needed
 .text.tcpip_tcp_timer
                0x08009878       0x38 Middlewares\Third_Party\LwIP\src\core\timeouts.o
 .text.sys_timeouts_init
                0x080098b0       0x38 Middlewares\Third_Party\LwIP\src\core\timeouts.o
                0x080098b0                sys_timeouts_init
 .text.cyclic_timer
                0x080098e8       0x1c Middlewares\Third_Party\LwIP\src\core\timeouts.o
 .text.sys_check_timeouts
                0x08009904       0x60 Middlewares\Third_Party\LwIP\src\core\timeouts.o
                0x08009904                sys_check_timeouts
 .text.udp_init
                0x08009964        0x2 Middlewares\Third_Party\LwIP\src\core\udp.o
                0x08009964                udp_init
 *fill*         0x08009966        0x2 
 .text.udp_input
                0x08009968      0x130 Middlewares\Third_Party\LwIP\src\core\udp.o
                0x08009968                udp_input
 .text.udp_netif_ip_addr_changed
                0x08009a98       0x2c Middlewares\Third_Party\LwIP\src\core\udp.o
                0x08009a98                udp_netif_ip_addr_changed
 .text.ethernet_input
                0x08009ac4       0x98 Middlewares\Third_Party\LwIP\src\netif\ethernet.o
                0x08009ac4                ethernet_input
 .text.ethernet_output
                0x08009b5c       0x70 Middlewares\Third_Party\LwIP\src\netif\ethernet.o
                0x08009b5c                ethernet_output
 .text.low_level_output
                0x08009bcc       0xa0 Src\ethernetif.o
 .text.HAL_ETH_MspInit
                0x08009c6c       0xec Src\ethernetif.o
                0x08009c6c                HAL_ETH_MspInit
 .text.ethernetif_input
                0x08009d58       0xe0 Src\ethernetif.o
                0x08009d58                ethernetif_input
 .text.ethernetif_init
                0x08009e38      0x12c Src\ethernetif.o
                0x08009e38                ethernetif_init
 .text.sys_now  0x08009f64        0x4 Src\ethernetif.o
                0x08009f64                sys_now
 .text.MX_LWIP_Init
                0x08009f68       0xe0 Src\lwip.o
                0x08009f68                MX_LWIP_Init
 .text.MX_LWIP_Process
                0x0800a048       0x14 Src\lwip.o
                0x0800a048                MX_LWIP_Process
 .text.SystemClock_Config
                0x0800a05c       0x98 Src\main.o
                0x0800a05c                SystemClock_Config
 .text.startup.main
                0x0800a0f4      0x2cc Src\main.o
                0x0800a0f4                main
 .text.Error_Handler
                0x0800a3c0        0x2 Src\main.o
                0x0800a3c0                Error_Handler
 *fill*         0x0800a3c2        0x2 
 .text.HAL_MspInit
                0x0800a3c4       0x38 Src\stm32f4xx_hal_msp.o
                0x0800a3c4                HAL_MspInit
 .text.HAL_I2C_MspInit
                0x0800a3fc       0x70 Src\stm32f4xx_hal_msp.o
                0x0800a3fc                HAL_I2C_MspInit
 .text.HAL_TIM_Base_MspInit
                0x0800a46c       0x38 Src\stm32f4xx_hal_msp.o
                0x0800a46c                HAL_TIM_Base_MspInit
 .text.HAL_UART_MspInit
                0x0800a4a4       0xe8 Src\stm32f4xx_hal_msp.o
                0x0800a4a4                HAL_UART_MspInit
 .text.NMI_Handler
                0x0800a58c        0x2 Src\stm32f4xx_it.o
                0x0800a58c                NMI_Handler
 .text.HardFault_Handler
                0x0800a58e        0x2 Src\stm32f4xx_it.o
                0x0800a58e                HardFault_Handler
 .text.MemManage_Handler
                0x0800a590        0x2 Src\stm32f4xx_it.o
                0x0800a590                MemManage_Handler
 .text.BusFault_Handler
                0x0800a592        0x2 Src\stm32f4xx_it.o
                0x0800a592                BusFault_Handler
 .text.UsageFault_Handler
                0x0800a594        0x2 Src\stm32f4xx_it.o
                0x0800a594                UsageFault_Handler
 .text.SVC_Handler
                0x0800a596        0x2 Src\stm32f4xx_it.o
                0x0800a596                SVC_Handler
 .text.DebugMon_Handler
                0x0800a598        0x2 Src\stm32f4xx_it.o
                0x0800a598                DebugMon_Handler
 .text.PendSV_Handler
                0x0800a59a        0x2 Src\stm32f4xx_it.o
                0x0800a59a                PendSV_Handler
 .text.SysTick_Handler
                0x0800a59c        0x4 Src\stm32f4xx_it.o
                0x0800a59c                SysTick_Handler
 .text.TIM2_IRQHandler
                0x0800a5a0        0xc Src\stm32f4xx_it.o
                0x0800a5a0                TIM2_IRQHandler
 .text.USART3_IRQHandler
                0x0800a5ac        0xc Src\stm32f4xx_it.o
                0x0800a5ac                USART3_IRQHandler
 .text.OTG_FS_IRQHandler
                0x0800a5b8        0xc Src\stm32f4xx_it.o
                0x0800a5b8                OTG_FS_IRQHandler
 .text.USART6_IRQHandler
                0x0800a5c4        0xc Src\stm32f4xx_it.o
                0x0800a5c4                USART6_IRQHandler
 .text._read    0x0800a5d0       0x1c Src\syscalls.o
                0x0800a5d0                _read
 .text._write   0x0800a5ec       0x1c Src\syscalls.o
                0x0800a5ec                _write
 .text._sbrk    0x0800a608       0x34 Src\syscalls.o
                0x0800a608                _sbrk
 .text._close   0x0800a63c        0x6 Src\syscalls.o
                0x0800a63c                _close
 .text._fstat   0x0800a642        0xa Src\syscalls.o
                0x0800a642                _fstat
 .text._isatty  0x0800a64c        0x4 Src\syscalls.o
                0x0800a64c                _isatty
 .text._lseek   0x0800a650        0x4 Src\syscalls.o
                0x0800a650                _lseek
 .text.SystemInit
                0x0800a654       0x1c Src\system_stm32f4xx.o
                0x0800a654                SystemInit
 .text.USBH_UserProcess
                0x0800a670       0x24 Src\usb_host.o
 .text.MX_USB_HOST_Init
                0x0800a694       0x40 Src\usb_host.o
                0x0800a694                MX_USB_HOST_Init
 .text.MX_USB_HOST_Process
                0x0800a6d4        0xc Src\usb_host.o
                0x0800a6d4                MX_USB_HOST_Process
 .text.HAL_HCD_MspInit
                0x0800a6e0       0x90 Src\usbh_conf.o
                0x0800a6e0                HAL_HCD_MspInit
 .text.HAL_HCD_SOF_Callback
                0x0800a770        0x8 Src\usbh_conf.o
                0x0800a770                HAL_HCD_SOF_Callback
 .text.HAL_HCD_Connect_Callback
                0x0800a778        0x8 Src\usbh_conf.o
                0x0800a778                HAL_HCD_Connect_Callback
 .text.HAL_HCD_Disconnect_Callback
                0x0800a780        0x8 Src\usbh_conf.o
                0x0800a780                HAL_HCD_Disconnect_Callback
 .text.HAL_HCD_HC_NotifyURBChange_Callback
                0x0800a788        0x2 Src\usbh_conf.o
                0x0800a788                HAL_HCD_HC_NotifyURBChange_Callback
 .text.HAL_HCD_PortEnabled_Callback
                0x0800a78a        0x8 Src\usbh_conf.o
                0x0800a78a                HAL_HCD_PortEnabled_Callback
 .text.HAL_HCD_PortDisabled_Callback
                0x0800a792        0x8 Src\usbh_conf.o
                0x0800a792                HAL_HCD_PortDisabled_Callback
 *fill*         0x0800a79a        0x2 
 .text.USBH_LL_Init
                0x0800a79c       0x4c Src\usbh_conf.o
                0x0800a79c                USBH_LL_Init
 .text.USBH_LL_Start
                0x0800a7e8       0x1c Src\usbh_conf.o
                0x0800a7e8                USBH_LL_Start
 .text.USBH_LL_Stop
                0x0800a804       0x1c Src\usbh_conf.o
                0x0800a804                USBH_LL_Stop
 .text.USBH_LL_GetSpeed
                0x0800a820       0x1c Src\usbh_conf.o
                0x0800a820                USBH_LL_GetSpeed
 .text.USBH_LL_ResetPort
                0x0800a83c       0x1c Src\usbh_conf.o
                0x0800a83c                USBH_LL_ResetPort
 .text.USBH_LL_GetLastXferSize
                0x0800a858        0x8 Src\usbh_conf.o
                0x0800a858                USBH_LL_GetLastXferSize
 .text.USBH_LL_OpenPipe
                0x0800a860       0x30 Src\usbh_conf.o
                0x0800a860                USBH_LL_OpenPipe
 .text.USBH_LL_ClosePipe
                0x0800a890       0x1c Src\usbh_conf.o
                0x0800a890                USBH_LL_ClosePipe
 .text.USBH_LL_SubmitURB
                0x0800a8ac       0x34 Src\usbh_conf.o
                0x0800a8ac                USBH_LL_SubmitURB
 .text.USBH_LL_GetURBState
                0x0800a8e0        0x8 Src\usbh_conf.o
                0x0800a8e0                USBH_LL_GetURBState
 .text.USBH_LL_DriverVBUS
                0x0800a8e8       0x1a Src\usbh_conf.o
                0x0800a8e8                USBH_LL_DriverVBUS
 .text.USBH_LL_SetToggle
                0x0800a902       0x1e Src\usbh_conf.o
                0x0800a902                USBH_LL_SetToggle
 .text.USBH_Delay
                0x0800a920        0x4 Src\usbh_conf.o
                0x0800a920                USBH_Delay
 .text.MX_DriverVbusFS
                0x0800a924       0x14 Src\usbh_platform.o
                0x0800a924                MX_DriverVbusFS
 .text.Reset_Handler
                0x0800a938       0x50 startup\startup_stm32f407xx.o
                0x0800a938                Reset_Handler
 .text.Default_Handler
                0x0800a988        0x2 startup\startup_stm32f407xx.o
                0x0800a988                RTC_Alarm_IRQHandler
                0x0800a988                HASH_RNG_IRQHandler
                0x0800a988                EXTI2_IRQHandler
                0x0800a988                TIM8_CC_IRQHandler
                0x0800a988                TIM1_CC_IRQHandler
                0x0800a988                DMA2_Stream5_IRQHandler
                0x0800a988                DMA1_Stream5_IRQHandler
                0x0800a988                PVD_IRQHandler
                0x0800a988                SDIO_IRQHandler
                0x0800a988                TAMP_STAMP_IRQHandler
                0x0800a988                CAN2_RX1_IRQHandler
                0x0800a988                EXTI3_IRQHandler
                0x0800a988                TIM8_TRG_COM_TIM14_IRQHandler
                0x0800a988                TIM1_UP_TIM10_IRQHandler
                0x0800a988                TIM8_UP_TIM13_IRQHandler
                0x0800a988                I2C3_ER_IRQHandler
                0x0800a988                EXTI0_IRQHandler
                0x0800a988                I2C2_EV_IRQHandler
                0x0800a988                DMA1_Stream2_IRQHandler
                0x0800a988                CAN1_RX0_IRQHandler
                0x0800a988                FPU_IRQHandler
                0x0800a988                OTG_HS_WKUP_IRQHandler
                0x0800a988                CAN2_SCE_IRQHandler
                0x0800a988                DMA2_Stream2_IRQHandler
                0x0800a988                SPI1_IRQHandler
                0x0800a988                TIM6_DAC_IRQHandler
                0x0800a988                TIM1_BRK_TIM9_IRQHandler
                0x0800a988                DCMI_IRQHandler
                0x0800a988                CAN2_RX0_IRQHandler
                0x0800a988                DMA2_Stream3_IRQHandler
                0x0800a988                CAN1_RX1_IRQHandler
                0x0800a988                UART5_IRQHandler
                0x0800a988                DMA2_Stream0_IRQHandler
                0x0800a988                TIM4_IRQHandler
                0x0800a988                I2C1_EV_IRQHandler
                0x0800a988                DMA1_Stream6_IRQHandler
                0x0800a988                DMA1_Stream1_IRQHandler
                0x0800a988                UART4_IRQHandler
                0x0800a988                TIM3_IRQHandler
                0x0800a988                RCC_IRQHandler
                0x0800a988                TIM8_BRK_TIM12_IRQHandler
                0x0800a988                Default_Handler
                0x0800a988                EXTI15_10_IRQHandler
                0x0800a988                ADC_IRQHandler
                0x0800a988                DMA1_Stream7_IRQHandler
                0x0800a988                TIM7_IRQHandler
                0x0800a988                CAN2_TX_IRQHandler
                0x0800a988                TIM5_IRQHandler
                0x0800a988                DMA2_Stream7_IRQHandler
                0x0800a988                I2C3_EV_IRQHandler
                0x0800a988                EXTI9_5_IRQHandler
                0x0800a988                RTC_WKUP_IRQHandler
                0x0800a988                ETH_WKUP_IRQHandler
                0x0800a988                SPI2_IRQHandler
                0x0800a988                OTG_HS_EP1_IN_IRQHandler
                0x0800a988                DMA1_Stream0_IRQHandler
                0x0800a988                CAN1_TX_IRQHandler
                0x0800a988                EXTI4_IRQHandler
                0x0800a988                FSMC_IRQHandler
                0x0800a988                ETH_IRQHandler
                0x0800a988                OTG_HS_EP1_OUT_IRQHandler
                0x0800a988                WWDG_IRQHandler
                0x0800a988                OTG_FS_WKUP_IRQHandler
                0x0800a988                TIM1_TRG_COM_TIM11_IRQHandler
                0x0800a988                OTG_HS_IRQHandler
                0x0800a988                EXTI1_IRQHandler
                0x0800a988                USART2_IRQHandler
                0x0800a988                I2C2_ER_IRQHandler
                0x0800a988                DMA2_Stream1_IRQHandler
                0x0800a988                CAN1_SCE_IRQHandler
                0x0800a988                FLASH_IRQHandler
                0x0800a988                DMA2_Stream4_IRQHandler
                0x0800a988                USART1_IRQHandler
                0x0800a988                SPI3_IRQHandler
                0x0800a988                DMA1_Stream4_IRQHandler
                0x0800a988                I2C1_ER_IRQHandler
                0x0800a988                DMA2_Stream6_IRQHandler
                0x0800a988                DMA1_Stream3_IRQHandler
 *fill*         0x0800a98a        0x2 
 .text.__libc_init_array
                0x0800a98c       0x48 c:/program files (x86)/atollic/truestudio for stm32 9.3.0/armtools/bin/../lib/gcc/arm-atollic-eabi/6.3.1/../../../../arm-atollic-eabi/lib/armv7e-m/fpu\libc_nano.a(lib_a-init.o)
                0x0800a98c                __libc_init_array
 .text.malloc   0x0800a9d4       0x10 c:/program files (x86)/atollic/truestudio for stm32 9.3.0/armtools/bin/../lib/gcc/arm-atollic-eabi/6.3.1/../../../../arm-atollic-eabi/lib/armv7e-m/fpu\libc_nano.a(lib_a-malloc.o)
                0x0800a9d4                malloc
 .text.free     0x0800a9e4       0x10 c:/program files (x86)/atollic/truestudio for stm32 9.3.0/armtools/bin/../lib/gcc/arm-atollic-eabi/6.3.1/../../../../arm-atollic-eabi/lib/armv7e-m/fpu\libc_nano.a(lib_a-malloc.o)
                0x0800a9e4                free
 .text.memcmp   0x0800a9f4       0x1e c:/program files (x86)/atollic/truestudio for stm32 9.3.0/armtools/bin/../lib/gcc/arm-atollic-eabi/6.3.1/../../../../arm-atollic-eabi/lib/armv7e-m/fpu\libc_nano.a(lib_a-memcmp.o)
                0x0800a9f4                memcmp
 .text.memcpy   0x0800aa12       0x16 c:/program files (x86)/atollic/truestudio for stm32 9.3.0/armtools/bin/../lib/gcc/arm-atollic-eabi/6.3.1/../../../../arm-atollic-eabi/lib/armv7e-m/fpu\libc_nano.a(lib_a-memcpy-stub.o)
                0x0800aa12                memcpy
 .text.memset   0x0800aa28       0x10 c:/program files (x86)/atollic/truestudio for stm32 9.3.0/armtools/bin/../lib/gcc/arm-atollic-eabi/6.3.1/../../../../arm-atollic-eabi/lib/armv7e-m/fpu\libc_nano.a(lib_a-memset.o)
                0x0800aa28                memset
 .text._free_r  0x0800aa38       0x9c c:/program files (x86)/atollic/truestudio for stm32 9.3.0/armtools/bin/../lib/gcc/arm-atollic-eabi/6.3.1/../../../../arm-atollic-eabi/lib/armv7e-m/fpu\libc_nano.a(lib_a-nano-freer.o)
                0x0800aa38                _free_r
 .text._malloc_r
                0x0800aad4       0xbc c:/program files (x86)/atollic/truestudio for stm32 9.3.0/armtools/bin/../lib/gcc/arm-atollic-eabi/6.3.1/../../../../arm-atollic-eabi/lib/armv7e-m/fpu\libc_nano.a(lib_a-nano-mallocr.o)
                0x0800aad4                _malloc_r
 .text.printf   0x0800ab90       0x30 c:/program files (x86)/atollic/truestudio for stm32 9.3.0/armtools/bin/../lib/gcc/arm-atollic-eabi/6.3.1/../../../../arm-atollic-eabi/lib/armv7e-m/fpu\libc_nano.a(lib_a-printf.o)
                0x0800ab90                iprintf
                0x0800ab90                printf
 .text._sbrk_r  0x0800abc0       0x20 c:/program files (x86)/atollic/truestudio for stm32 9.3.0/armtools/bin/../lib/gcc/arm-atollic-eabi/6.3.1/../../../../arm-atollic-eabi/lib/armv7e-m/fpu\libc_nano.a(lib_a-sbrkr.o)
                0x0800abc0                _sbrk_r
 .text.strcat   0x0800abe0       0x1e c:/program files (x86)/atollic/truestudio for stm32 9.3.0/armtools/bin/../lib/gcc/arm-atollic-eabi/6.3.1/../../../../arm-atollic-eabi/lib/armv7e-m/fpu\libc_nano.a(lib_a-strcat.o)
                0x0800abe0                strcat
 .text.strchr   0x0800abfe       0x1c c:/program files (x86)/atollic/truestudio for stm32 9.3.0/armtools/bin/../lib/gcc/arm-atollic-eabi/6.3.1/../../../../arm-atollic-eabi/lib/armv7e-m/fpu\libc_nano.a(lib_a-strchr.o)
                0x0800abfe                strchr
 .text.strcpy   0x0800ac1a       0x10 c:/program files (x86)/atollic/truestudio for stm32 9.3.0/armtools/bin/../lib/gcc/arm-atollic-eabi/6.3.1/../../../../arm-atollic-eabi/lib/armv7e-m/fpu\libc_nano.a(lib_a-strcpy.o)
                0x0800ac1a                strcpy
 .text.strncmp  0x0800ac2a       0x24 c:/program files (x86)/atollic/truestudio for stm32 9.3.0/armtools/bin/../lib/gcc/arm-atollic-eabi/6.3.1/../../../../arm-atollic-eabi/lib/armv7e-m/fpu\libc_nano.a(lib_a-strncmp.o)
                0x0800ac2a                strncmp
 .text.strstr   0x0800ac4e       0x36 c:/program files (x86)/atollic/truestudio for stm32 9.3.0/armtools/bin/../lib/gcc/arm-atollic-eabi/6.3.1/../../../../arm-atollic-eabi/lib/armv7e-m/fpu\libc_nano.a(lib_a-strstr.o)
                0x0800ac4e                strstr
 .text._cleanup_r
                0x0800ac84        0xc c:/program files (x86)/atollic/truestudio for stm32 9.3.0/armtools/bin/../lib/gcc/arm-atollic-eabi/6.3.1/../../../../arm-atollic-eabi/lib/armv7e-m/fpu\libc_nano.a(lib_a-findfp.o)
                0x0800ac84                _cleanup_r
 .text.std.isra.0
                0x0800ac90       0x48 c:/program files (x86)/atollic/truestudio for stm32 9.3.0/armtools/bin/../lib/gcc/arm-atollic-eabi/6.3.1/../../../../arm-atollic-eabi/lib/armv7e-m/fpu\libc_nano.a(lib_a-findfp.o)
 .text.__sfmoreglue
                0x0800acd8       0x2c c:/program files (x86)/atollic/truestudio for stm32 9.3.0/armtools/bin/../lib/gcc/arm-atollic-eabi/6.3.1/../../../../arm-atollic-eabi/lib/armv7e-m/fpu\libc_nano.a(lib_a-findfp.o)
                0x0800acd8                __sfmoreglue
 .text.__sinit  0x0800ad04       0x60 c:/program files (x86)/atollic/truestudio for stm32 9.3.0/armtools/bin/../lib/gcc/arm-atollic-eabi/6.3.1/../../../../arm-atollic-eabi/lib/armv7e-m/fpu\libc_nano.a(lib_a-findfp.o)
                0x0800ad04                __sinit
 .text.__sfp    0x0800ad64       0x78 c:/program files (x86)/atollic/truestudio for stm32 9.3.0/armtools/bin/../lib/gcc/arm-atollic-eabi/6.3.1/../../../../arm-atollic-eabi/lib/armv7e-m/fpu\libc_nano.a(lib_a-findfp.o)
                0x0800ad64                __sfp
 .text._fwalk_reent
                0x0800addc       0x3c c:/program files (x86)/atollic/truestudio for stm32 9.3.0/armtools/bin/../lib/gcc/arm-atollic-eabi/6.3.1/../../../../arm-atollic-eabi/lib/armv7e-m/fpu\libc_nano.a(lib_a-fwalk.o)
                0x0800addc                _fwalk_reent
 .text.__malloc_lock
                0x0800ae18        0x2 c:/program files (x86)/atollic/truestudio for stm32 9.3.0/armtools/bin/../lib/gcc/arm-atollic-eabi/6.3.1/../../../../arm-atollic-eabi/lib/armv7e-m/fpu\libc_nano.a(lib_a-mlock.o)
                0x0800ae18                __malloc_lock
 .text.__malloc_unlock
                0x0800ae1a        0x2 c:/program files (x86)/atollic/truestudio for stm32 9.3.0/armtools/bin/../lib/gcc/arm-atollic-eabi/6.3.1/../../../../arm-atollic-eabi/lib/armv7e-m/fpu\libc_nano.a(lib_a-mlock.o)
                0x0800ae1a                __malloc_unlock
 .text.__sfputc_r
                0x0800ae1c       0x30 c:/program files (x86)/atollic/truestudio for stm32 9.3.0/armtools/bin/../lib/gcc/arm-atollic-eabi/6.3.1/../../../../arm-atollic-eabi/lib/armv7e-m/fpu\libc_nano.a(lib_a-nano-vfprintf.o)
 .text.__sfputs_r
                0x0800ae4c       0x24 c:/program files (x86)/atollic/truestudio for stm32 9.3.0/armtools/bin/../lib/gcc/arm-atollic-eabi/6.3.1/../../../../arm-atollic-eabi/lib/armv7e-m/fpu\libc_nano.a(lib_a-nano-vfprintf.o)
                0x0800ae4c                __sfputs_r
 .text._vfprintf_r
                0x0800ae70      0x22c c:/program files (x86)/atollic/truestudio for stm32 9.3.0/armtools/bin/../lib/gcc/arm-atollic-eabi/6.3.1/../../../../arm-atollic-eabi/lib/armv7e-m/fpu\libc_nano.a(lib_a-nano-vfprintf.o)
                0x0800ae70                _vfprintf_r
                0x0800ae70                _vfiprintf_r
 .text._printf_common
                0x0800b09c       0xec c:/program files (x86)/atollic/truestudio for stm32 9.3.0/armtools/bin/../lib/gcc/arm-atollic-eabi/6.3.1/../../../../arm-atollic-eabi/lib/armv7e-m/fpu\libc_nano.a(lib_a-nano-vfprintf_i.o)
                0x0800b09c                _printf_common
 .text._printf_i
                0x0800b188      0x240 c:/program files (x86)/atollic/truestudio for stm32 9.3.0/armtools/bin/../lib/gcc/arm-atollic-eabi/6.3.1/../../../../arm-atollic-eabi/lib/armv7e-m/fpu\libc_nano.a(lib_a-nano-vfprintf_i.o)
                0x0800b188                _printf_i
 .text.__sread  0x0800b3c8       0x22 c:/program files (x86)/atollic/truestudio for stm32 9.3.0/armtools/bin/../lib/gcc/arm-atollic-eabi/6.3.1/../../../../arm-atollic-eabi/lib/armv7e-m/fpu\libc_nano.a(lib_a-stdio.o)
                0x0800b3c8                __sread
 .text.__swrite
                0x0800b3ea       0x38 c:/program files (x86)/atollic/truestudio for stm32 9.3.0/armtools/bin/../lib/gcc/arm-atollic-eabi/6.3.1/../../../../arm-atollic-eabi/lib/armv7e-m/fpu\libc_nano.a(lib_a-stdio.o)
                0x0800b3ea                __swrite
 .text.__sseek  0x0800b422       0x24 c:/program files (x86)/atollic/truestudio for stm32 9.3.0/armtools/bin/../lib/gcc/arm-atollic-eabi/6.3.1/../../../../arm-atollic-eabi/lib/armv7e-m/fpu\libc_nano.a(lib_a-stdio.o)
                0x0800b422                __sseek
 .text.__sclose
                0x0800b446        0x8 c:/program files (x86)/atollic/truestudio for stm32 9.3.0/armtools/bin/../lib/gcc/arm-atollic-eabi/6.3.1/../../../../arm-atollic-eabi/lib/armv7e-m/fpu\libc_nano.a(lib_a-stdio.o)
                0x0800b446                __sclose
 *fill*         0x0800b44e        0x2 
 .text.__swbuf_r
                0x0800b450       0xa4 c:/program files (x86)/atollic/truestudio for stm32 9.3.0/armtools/bin/../lib/gcc/arm-atollic-eabi/6.3.1/../../../../arm-atollic-eabi/lib/armv7e-m/fpu\libc_nano.a(lib_a-wbuf.o)
                0x0800b450                __swbuf_r
 .text._write_r
                0x0800b4f4       0x24 c:/program files (x86)/atollic/truestudio for stm32 9.3.0/armtools/bin/../lib/gcc/arm-atollic-eabi/6.3.1/../../../../arm-atollic-eabi/lib/armv7e-m/fpu\libc_nano.a(lib_a-writer.o)
                0x0800b4f4                _write_r
 .text.__swsetup_r
                0x0800b518       0xdc c:/program files (x86)/atollic/truestudio for stm32 9.3.0/armtools/bin/../lib/gcc/arm-atollic-eabi/6.3.1/../../../../arm-atollic-eabi/lib/armv7e-m/fpu\libc_nano.a(lib_a-wsetup.o)
                0x0800b518                __swsetup_r
 .text._close_r
                0x0800b5f4       0x20 c:/program files (x86)/atollic/truestudio for stm32 9.3.0/armtools/bin/../lib/gcc/arm-atollic-eabi/6.3.1/../../../../arm-atollic-eabi/lib/armv7e-m/fpu\libc_nano.a(lib_a-closer.o)
                0x0800b5f4                _close_r
 .text.__sflush_r
                0x0800b614      0x110 c:/program files (x86)/atollic/truestudio for stm32 9.3.0/armtools/bin/../lib/gcc/arm-atollic-eabi/6.3.1/../../../../arm-atollic-eabi/lib/armv7e-m/fpu\libc_nano.a(lib_a-fflush.o)
                0x0800b614                __sflush_r
 .text._fflush_r
                0x0800b724       0x54 c:/program files (x86)/atollic/truestudio for stm32 9.3.0/armtools/bin/../lib/gcc/arm-atollic-eabi/6.3.1/../../../../arm-atollic-eabi/lib/armv7e-m/fpu\libc_nano.a(lib_a-fflush.o)
                0x0800b724                _fflush_r
 .text._lseek_r
                0x0800b778       0x24 c:/program files (x86)/atollic/truestudio for stm32 9.3.0/armtools/bin/../lib/gcc/arm-atollic-eabi/6.3.1/../../../../arm-atollic-eabi/lib/armv7e-m/fpu\libc_nano.a(lib_a-lseekr.o)
                0x0800b778                _lseek_r
 .text.__swhatbuf_r
                0x0800b79c       0x48 c:/program files (x86)/atollic/truestudio for stm32 9.3.0/armtools/bin/../lib/gcc/arm-atollic-eabi/6.3.1/../../../../arm-atollic-eabi/lib/armv7e-m/fpu\libc_nano.a(lib_a-makebuf.o)
                0x0800b79c                __swhatbuf_r
 .text.__smakebuf_r
                0x0800b7e4       0x80 c:/program files (x86)/atollic/truestudio for stm32 9.3.0/armtools/bin/../lib/gcc/arm-atollic-eabi/6.3.1/../../../../arm-atollic-eabi/lib/armv7e-m/fpu\libc_nano.a(lib_a-makebuf.o)
                0x0800b7e4                __smakebuf_r
 .text._read_r  0x0800b864       0x24 c:/program files (x86)/atollic/truestudio for stm32 9.3.0/armtools/bin/../lib/gcc/arm-atollic-eabi/6.3.1/../../../../arm-atollic-eabi/lib/armv7e-m/fpu\libc_nano.a(lib_a-readr.o)
                0x0800b864                _read_r
 .text._fstat_r
                0x0800b888       0x24 c:/program files (x86)/atollic/truestudio for stm32 9.3.0/armtools/bin/../lib/gcc/arm-atollic-eabi/6.3.1/../../../../arm-atollic-eabi/lib/armv7e-m/fpu\libc_nano.a(lib_a-fstatr.o)
                0x0800b888                _fstat_r
 .text._isatty_r
                0x0800b8ac       0x20 c:/program files (x86)/atollic/truestudio for stm32 9.3.0/armtools/bin/../lib/gcc/arm-atollic-eabi/6.3.1/../../../../arm-atollic-eabi/lib/armv7e-m/fpu\libc_nano.a(lib_a-isattyr.o)
                0x0800b8ac                _isatty_r
 *(.glue_7)
 .glue_7        0x0800b8cc        0x0 linker stubs
 *(.glue_7t)
 .glue_7t       0x0800b8cc        0x0 linker stubs
 *(.eh_frame)
 .eh_frame      0x0800b8cc        0x0 c:/program files (x86)/atollic/truestudio for stm32 9.3.0/armtools/bin/../lib/gcc/arm-atollic-eabi/6.3.1/armv7e-m/fpu/crtbegin.o
 *(.init)
 .init          0x0800b8cc        0x4 c:/program files (x86)/atollic/truestudio for stm32 9.3.0/armtools/bin/../lib/gcc/arm-atollic-eabi/6.3.1/armv7e-m/fpu/crti.o
                0x0800b8cc                _init
 .init          0x0800b8d0        0x8 c:/program files (x86)/atollic/truestudio for stm32 9.3.0/armtools/bin/../lib/gcc/arm-atollic-eabi/6.3.1/armv7e-m/fpu/crtn.o
 *(.fini)
 .fini          0x0800b8d8        0x4 c:/program files (x86)/atollic/truestudio for stm32 9.3.0/armtools/bin/../lib/gcc/arm-atollic-eabi/6.3.1/armv7e-m/fpu/crti.o
                0x0800b8d8                _fini
 .fini          0x0800b8dc        0x8 c:/program files (x86)/atollic/truestudio for stm32 9.3.0/armtools/bin/../lib/gcc/arm-atollic-eabi/6.3.1/armv7e-m/fpu/crtn.o
                0x0800b8e4                . = ALIGN (0x4)
                0x0800b8e4                _etext = .

.vfp11_veneer   0x0800b8e4        0x0
 .vfp11_veneer  0x0800b8e4        0x0 linker stubs

.v4_bx          0x0800b8e4        0x0
 .v4_bx         0x0800b8e4        0x0 linker stubs

.iplt           0x0800b8e4        0x0
 .iplt          0x0800b8e4        0x0 c:/program files (x86)/atollic/truestudio for stm32 9.3.0/armtools/bin/../lib/gcc/arm-atollic-eabi/6.3.1/armv7e-m/fpu/crtbegin.o

.rodata         0x0800b8e4     0x1edc
                0x0800b8e4                . = ALIGN (0x4)
 *(.rodata)
 .rodata        0x0800b8e4        0x4 Middlewares\Third_Party\LwIP\src\apps\httpd\httpd.o
 *(.rodata*)
 .rodata.str1.1
                0x0800b8e8        0x4 Middlewares\ST\STM32_USB_Host_Library\Class\CDC\Src\usbh_cdc.o
 .rodata.fs_open_custom.str1.1
                0x0800b8ec       0x3b Middlewares\Third_Party\LwIP\src\apps\httpd\fs.o
 .rodata.hello1
                0x0800b927       0x50 Middlewares\Third_Party\LwIP\src\apps\httpd\fs.o
                0x0800b927                hello1
 .rodata.hello2
                0x0800b977       0x13 Middlewares\Third_Party\LwIP\src\apps\httpd\fs.o
                0x0800b977                hello2
 .rodata.ok     0x0800b98a       0x57 Middlewares\Third_Party\LwIP\src\apps\httpd\fs.o
                0x0800b98a                ok
 *fill*         0x0800b9e1        0x3 
 .rodata.g_psDefaultFilenames
                0x0800b9e4       0x28 Middlewares\Third_Party\LwIP\src\apps\httpd\httpd.o
                0x0800b9e4                g_psDefaultFilenames
 .rodata.g_psHTTPHeaders
                0x0800ba0c       0xa0 Middlewares\Third_Party\LwIP\src\apps\httpd\httpd.o
 .rodata.http_check_eof.str1.1
                0x0800baac       0x37 Middlewares\Third_Party\LwIP\src\apps\httpd\httpd.o
 .rodata.http_get_404_file.str1.1
                0x0800bae3       0x1e Middlewares\Third_Party\LwIP\src\apps\httpd\httpd.o
 .rodata.http_recv.str1.1
                0x0800bb01      0x182 Middlewares\Third_Party\LwIP\src\apps\httpd\httpd.o
                                0x18c (size before relaxing)
 .rodata.http_write.str1.1
                0x0800bc83       0x6e Middlewares\Third_Party\LwIP\src\apps\httpd\httpd.o
 .rodata.httpd_init.str1.1
                0x0800bcf1       0x55 Middlewares\Third_Party\LwIP\src\apps\httpd\httpd.o
 .rodata.str1.1
                0x0800bd46      0x247 Middlewares\Third_Party\LwIP\src\apps\httpd\httpd.o
                                0x267 (size before relaxing)
 .rodata.lwip_itoa.str1.1
                0x0800bf8d       0x48 Middlewares\Third_Party\LwIP\src\core\def.o
 .rodata.etharp_find_entry.isra.0.str1.1
                0x0800bfd5       0x40 Middlewares\Third_Party\LwIP\src\core\ipv4\etharp.o
 .rodata.etharp_get_entry.str1.1
                0x0800c015       0x1f Middlewares\Third_Party\LwIP\src\core\ipv4\etharp.o
 .rodata.etharp_input.str1.1
                0x0800c034       0x24 Middlewares\Third_Party\LwIP\src\core\ipv4\etharp.o
 .rodata.etharp_output.str1.1
                0x0800c058       0x24 Middlewares\Third_Party\LwIP\src\core\ipv4\etharp.o
                                  0xa (size before relaxing)
 .rodata.etharp_output_to_arp_index.str1.1
                0x0800c058       0x30 Middlewares\Third_Party\LwIP\src\core\ipv4\etharp.o
 .rodata.etharp_query.str1.1
                0x0800c088       0x42 Middlewares\Third_Party\LwIP\src\core\ipv4\etharp.o
 .rodata.etharp_raw.str1.1
                0x0800c0ca       0xb7 Middlewares\Third_Party\LwIP\src\core\ipv4\etharp.o
                                 0xdf (size before relaxing)
 .rodata.icmp_input.str1.1
                0x0800c181       0x67 Middlewares\Third_Party\LwIP\src\core\ipv4\icmp.o
 .rodata.icmp_send_response.isra.0.str1.1
                0x0800c1e8       0x61 Middlewares\Third_Party\LwIP\src\core\ipv4\icmp.o
                                 0x89 (size before relaxing)
 .rodata.ip4_output_if_src.str1.1
                0x0800c249       0x6d Middlewares\Third_Party\LwIP\src\core\ipv4\ip4.o
                                 0x95 (size before relaxing)
 *fill*         0x0800c2b6        0x2 
 .rodata.ip_addr_any
                0x0800c2b8        0x4 Middlewares\Third_Party\LwIP\src\core\ipv4\ip4_addr.o
                0x0800c2b8                ip_addr_any
 .rodata.ip4_frag.str1.1
                0x0800c2bc       0x61 Middlewares\Third_Party\LwIP\src\core\ipv4\ip4_frag.o
 .rodata.ip4_reass.str1.1
                0x0800c31d       0x84 Middlewares\Third_Party\LwIP\src\core\ipv4\ip4_frag.o
 .rodata.ip_frag_free_pbuf_custom_ref.str1.1
                0x0800c3a1       0x84 Middlewares\Third_Party\LwIP\src\core\ipv4\ip4_frag.o
                                  0xa (size before relaxing)
 .rodata.ip_reass_dequeue_datagram.str1.1
                0x0800c3a1       0x52 Middlewares\Third_Party\LwIP\src\core\ipv4\ip4_frag.o
                                 0x7a (size before relaxing)
 .rodata.ip_reass_free_complete_datagram.str1.1
                0x0800c3f3       0x56 Middlewares\Third_Party\LwIP\src\core\ipv4\ip4_frag.o
 .rodata.ipfrag_free_pbuf_custom.str1.1
                0x0800c449        0xc Middlewares\Third_Party\LwIP\src\core\ipv4\ip4_frag.o
 .rodata.mem_free.str1.1
                0x0800c455       0xf1 Middlewares\Third_Party\LwIP\src\core\mem.o
                                0x119 (size before relaxing)
 .rodata.mem_malloc.str1.1
                0x0800c546       0x9b Middlewares\Third_Party\LwIP\src\core\mem.o
 .rodata.mem_trim.str1.1
                0x0800c5e1       0x37 Middlewares\Third_Party\LwIP\src\core\mem.o
 .rodata.do_memp_free_pool.isra.1.str1.1
                0x0800c618       0x20 Middlewares\Third_Party\LwIP\src\core\memp.o
 .rodata.do_memp_malloc_pool.isra.0.str1.1
                0x0800c638       0x53 Middlewares\Third_Party\LwIP\src\core\memp.o
                                 0x7b (size before relaxing)
 *fill*         0x0800c68b        0x1 
 .rodata.memp_FRAG_PBUF
                0x0800c68c        0xc Middlewares\Third_Party\LwIP\src\core\memp.o
                0x0800c68c                memp_FRAG_PBUF
 .rodata.memp_PBUF
                0x0800c698        0xc Middlewares\Third_Party\LwIP\src\core\memp.o
                0x0800c698                memp_PBUF
 .rodata.memp_PBUF_POOL
                0x0800c6a4        0xc Middlewares\Third_Party\LwIP\src\core\memp.o
                0x0800c6a4                memp_PBUF_POOL
 .rodata.memp_REASSDATA
                0x0800c6b0        0xc Middlewares\Third_Party\LwIP\src\core\memp.o
                0x0800c6b0                memp_REASSDATA
 .rodata.memp_SYS_TIMEOUT
                0x0800c6bc        0xc Middlewares\Third_Party\LwIP\src\core\memp.o
                0x0800c6bc                memp_SYS_TIMEOUT
 .rodata.memp_TCP_PCB
                0x0800c6c8        0xc Middlewares\Third_Party\LwIP\src\core\memp.o
                0x0800c6c8                memp_TCP_PCB
 .rodata.memp_TCP_PCB_LISTEN
                0x0800c6d4        0xc Middlewares\Third_Party\LwIP\src\core\memp.o
                0x0800c6d4                memp_TCP_PCB_LISTEN
 .rodata.memp_TCP_SEG
                0x0800c6e0        0xc Middlewares\Third_Party\LwIP\src\core\memp.o
                0x0800c6e0                memp_TCP_SEG
 .rodata.memp_UDP_PCB
                0x0800c6ec        0xc Middlewares\Third_Party\LwIP\src\core\memp.o
                0x0800c6ec                memp_UDP_PCB
 .rodata.memp_free.str1.1
                0x0800c6f8       0x1b Middlewares\Third_Party\LwIP\src\core\memp.o
 .rodata.memp_malloc.str1.1
                0x0800c713       0x1d Middlewares\Third_Party\LwIP\src\core\memp.o
 .rodata.memp_pools
                0x0800c730       0x24 Middlewares\Third_Party\LwIP\src\core\memp.o
                0x0800c730                memp_pools
 .rodata.netif_add.str1.1
                0x0800c754       0x48 Middlewares\Third_Party\LwIP\src\core\netif.o
                                 0x70 (size before relaxing)
 .rodata.pbuf_alloc.str1.1
                0x0800c79c       0xa8 Middlewares\Third_Party\LwIP\src\core\pbuf.o
 .rodata.pbuf_alloced_custom.str1.1
                0x0800c844       0x24 Middlewares\Third_Party\LwIP\src\core\pbuf.o
 .rodata.pbuf_cat.str1.1
                0x0800c868       0x72 Middlewares\Third_Party\LwIP\src\core\pbuf.o
 .rodata.pbuf_copy.str1.1
                0x0800c8da       0x99 Middlewares\Third_Party\LwIP\src\core\pbuf.o
 .rodata.pbuf_copy_partial.str1.1
                0x0800c973       0x42 Middlewares\Third_Party\LwIP\src\core\pbuf.o
 .rodata.pbuf_free.str1.1
                0x0800c9b5       0x4c Middlewares\Third_Party\LwIP\src\core\pbuf.o
 .rodata.pbuf_header_impl.str1.1
                0x0800ca01       0x5c Middlewares\Third_Party\LwIP\src\core\pbuf.o
                                 0x8e (size before relaxing)
 .rodata.pbuf_realloc.str1.1
                0x0800ca5d       0x78 Middlewares\Third_Party\LwIP\src\core\pbuf.o
 .rodata.pbuf_ref.str1.1
                0x0800cad5       0x12 Middlewares\Third_Party\LwIP\src\core\pbuf.o
 .rodata.tcp_abandon.str1.1
                0x0800cae7       0x31 Middlewares\Third_Party\LwIP\src\core\tcp.o
 .rodata.tcp_backoff
                0x0800cb18        0xd Middlewares\Third_Party\LwIP\src\core\tcp.o
 .rodata.tcp_bind.str1.1
                0x0800cb25       0x28 Middlewares\Third_Party\LwIP\src\core\tcp.o
 .rodata.tcp_close_shutdown.str1.1
                0x0800cb4d       0x19 Middlewares\Third_Party\LwIP\src\core\tcp.o
 .rodata.tcp_close_shutdown_fin.str1.1
                0x0800cb66       0x3b Middlewares\Third_Party\LwIP\src\core\tcp.o
                                 0x63 (size before relaxing)
 .rodata.tcp_err.str1.1
                0x0800cba1       0x26 Middlewares\Third_Party\LwIP\src\core\tcp.o
 .rodata.tcp_kill_state.str1.1
                0x0800cbc7        0xe Middlewares\Third_Party\LwIP\src\core\tcp.o
 .rodata.tcp_listen_with_backlog_and_err.str1.1
                0x0800cbd5       0x22 Middlewares\Third_Party\LwIP\src\core\tcp.o
 *fill*         0x0800cbf7        0x1 
 .rodata.tcp_pcb_lists
                0x0800cbf8       0x10 Middlewares\Third_Party\LwIP\src\core\tcp.o
                0x0800cbf8                tcp_pcb_lists
 .rodata.tcp_pcb_remove.str1.1
                0x0800cc08       0x48 Middlewares\Third_Party\LwIP\src\core\tcp.o
 .rodata.tcp_persist_backoff
                0x0800cc50        0x7 Middlewares\Third_Party\LwIP\src\core\tcp.o
 .rodata.tcp_poll.str1.1
                0x0800cc57       0x1e Middlewares\Third_Party\LwIP\src\core\tcp.o
 .rodata.tcp_recv.str1.1
                0x0800cc75       0x27 Middlewares\Third_Party\LwIP\src\core\tcp.o
 .rodata.tcp_recved.str1.1
                0x0800cc9c       0x47 Middlewares\Third_Party\LwIP\src\core\tcp.o
 .rodata.tcp_sent.str1.1
                0x0800cce3       0x27 Middlewares\Third_Party\LwIP\src\core\tcp.o
 .rodata.tcp_slowtmr.str1.1
                0x0800cd0a      0x152 Middlewares\Third_Party\LwIP\src\core\tcp.o
 .rodata.tcp_update_rcv_ann_wnd.str1.1
                0x0800ce5c       0x1a Middlewares\Third_Party\LwIP\src\core\tcp.o
 .rodata.tcp_input.str1.1
                0x0800ce76      0x1b6 Middlewares\Third_Party\LwIP\src\core\tcp_in.o
 .rodata.tcp_receive.str1.1
                0x0800d02c      0x18b Middlewares\Third_Party\LwIP\src\core\tcp_in.o
                                0x1b3 (size before relaxing)
 .rodata.tcp_create_segment.str1.1
                0x0800d1b7       0x15 Middlewares\Third_Party\LwIP\src\core\tcp_out.o
 .rodata.tcp_enqueue_flags.str1.1
                0x0800d1cc       0xf8 Middlewares\Third_Party\LwIP\src\core\tcp_out.o
 .rodata.tcp_output.str1.1
                0x0800d2c4       0x3d Middlewares\Third_Party\LwIP\src\core\tcp_out.o
 .rodata.tcp_output_alloc_header.constprop.0.str1.1
                0x0800d301       0x2e Middlewares\Third_Party\LwIP\src\core\tcp_out.o
 .rodata.tcp_pbuf_prealloc.str1.1
                0x0800d32f       0x47 Middlewares\Third_Party\LwIP\src\core\tcp_out.o
                                 0x6f (size before relaxing)
 .rodata.tcp_write.str1.1
                0x0800d376      0x232 Middlewares\Third_Party\LwIP\src\core\tcp_out.o
 .rodata.lwip_cyclic_timers
                0x0800d5a8       0x18 Middlewares\Third_Party\LwIP\src\core\timeouts.o
                0x0800d5a8                lwip_cyclic_timers
 .rodata.sys_timeout.str1.1
                0x0800d5c0       0x71 Middlewares\Third_Party\LwIP\src\core\timeouts.o
                                 0x99 (size before relaxing)
 .rodata.udp_input.str1.1